<html>
<body>
<pre>
<h1>µVision Build Log</h1>
<h2>Tool Versions:</h2>
IDE-Version: ¦ÌVision V5.35.0.0
Copyright (C) 2021 ARM Ltd and ARM Germany GmbH. All rights reserved.
License Information: 1 zc, 1, LIC=9WSKC-7DKWD-30ANC-771GX-PL120-VPCN1
 
Tool Versions:
Toolchain:       MDK-ARM Plus  Version: 5.35.0.2
Toolchain Path:  D:\keil\ARM\ARMCC\Bin
C Compiler:      Armcc.exe V5.06 update 7 (build 960)
Assembler:       Armasm.exe V5.06 update 7 (build 960)
Linker/Locator:  ArmLink.exe V5.06 update 7 (build 960)
Library Manager: ArmAr.exe V5.06 update 7 (build 960)
Hex Converter:   FromElf.exe V5.06 update 7 (build 960)
CPU DLL:         SARMCM3.DLL V5.35.0.2
Dialog DLL:      DCM.DLL V1.17.3.0
Target DLL:      STLink\ST-LINKIII-KEIL_SWO.dll V3.0.9.0
Dialog DLL:      TCM.DLL V1.53.0.0
 
<h2>Project:</h2>
D:\GitHub\New_Legends\New_Legends\MDK-ARM\New_Legends_Project.uvprojx
Project File Date:  11/16/2022

<h2>Output:</h2>
*** Using Compiler 'V5.06 update 7 (build 960)', folder: 'D:\keil\ARM\ARMCC\Bin'
Rebuild target 'New_Legends_Project'
assembling startup_stm32f407xx.s...
compiling dma.c...
compiling freertos.c...
compiling tim.c...
compiling can.c...
compiling gpio.c...
compiling main.c...
../Core/Src/main.c(102): warning:  #223-D: function "remote_control_init" declared implicitly
  		remote_control_init();
../Core/Src/main.c(103): warning:  #223-D: function "can_filter_init" declared implicitly
      can_filter_init();
../Core/Src/main.c(104): warning:  #223-D: function "can_receive_init" declared implicitly
      can_receive_init();
../Core/Src/main.c: 3 warnings, 0 errors
compiling usart.c...
compiling stm32f4xx_it.c...
compiling stm32f4xx_hal_msp.c...
compiling remote_control.c...
compiling CAN_receive.c...
compiling lift.c...
..\APP\lift.c(19): warning:  #223-D: function "vTaskDelay" declared implicitly
          vTaskDelay(1);
..\APP\lift.c: 1 warning, 0 errors
compiling catch.c...
..\APP\catch.c(493): warning:  #188-D: enumerated type mixed with another type
      HAL_GPIO_WritePin( GPIOB, GPIO_PIN_14, electromagnet_v);
..\APP\catch.c(573): warning:  #1-D: last line of file ends without a newline
   
..\APP\catch.c: 2 warnings, 0 errors
compiling catch_auto.c...
..\APP\catch_auto.c(18): warning:  #550-D: variable "catch_judge"  was set but never used
      int16_t catch_judge = 0;
..\APP\catch_auto.c: 1 warning, 0 errors
compiling bsp_rc.c...
compiling bsp_can.c...
compiling stm32f4xx_hal_rcc.c...
compiling stm32f4xx_hal_rcc_ex.c...
compiling stm32f4xx_hal_flash.c...
compiling stm32f4xx_hal_can.c...
compiling stm32f4xx_hal_flash_ex.c...
compiling stm32f4xx_hal_flash_ramfunc.c...
compiling stm32f4xx_hal_gpio.c...
compiling stm32f4xx_hal_pwr.c...
compiling stm32f4xx_hal_pwr_ex.c...
compiling stm32f4xx_hal_cortex.c...
compiling stm32f4xx_hal_dma.c...
compiling stm32f4xx_hal_dma_ex.c...
compiling stm32f4xx_hal.c...
compiling stm32f4xx_hal_exti.c...
compiling croutine.c...
compiling event_groups.c...
compiling list.c...
compiling system_stm32f4xx.c...
compiling queue.c...
compiling stm32f4xx_hal_tim_ex.c...
compiling timers.c...
compiling stm32f4xx_hal_uart.c...
compiling stream_buffer.c...
compiling heap_4.c...
compiling port.c...
compiling tasks.c...
compiling cmsis_os.c...
compiling stm32f4xx_hal_tim.c...
linking...
Program Size: Code=22612 RO-data=604 RW-data=396 ZI-data=19764  
FromELF: creating hex file...
"New_Legends_Project\New_Legends_Project.axf" - 0 Error(s), 7 Warning(s).

<h2>Software Packages used:</h2>

Package Vendor: ARM
                http://www.keil.com/pack/ARM.CMSIS.5.8.0.pack
                ARM.CMSIS.5.8.0
                CMSIS (Common Microcontroller Software Interface Standard)
   * Component: CORE Version: 5.5.0

Package Vendor: Keil
                http://www.keil.com/pack/Keil.STM32F4xx_DFP.2.16.0.pack
                Keil.STM32F4xx_DFP.2.16.0
                STMicroelectronics STM32F4 Series Device Support, Drivers and Examples

<h2>Collection of Component include folders:</h2>
  .\RTE\_New_Legends_Project
  D:\keil_pack\ARM\CMSIS\5.8.0\CMSIS\Core\Include
  D:\keil_pack\Keil\STM32F4xx_DFP\2.16.0\Drivers\CMSIS\Device\ST\STM32F4xx\Include

<h2>Collection of Component Files used:</h2>

   * Component: ARM::CMSIS:CORE:5.5.0
Build Time Elapsed:  00:00:05
</pre>
</body>
</html>
