Component: ARM Compiler 5.06 update 7 (build 960) Tool: armlink [4d3601]

==============================================================================

Section Cross References

    startup_stm32f407xx.o(STACK) refers (Special) to heapauxi.o(.text) for __use_two_region_memory
    startup_stm32f407xx.o(HEAP) refers (Special) to heapauxi.o(.text) for __use_two_region_memory
    startup_stm32f407xx.o(RESET) refers (Special) to heapauxi.o(.text) for __use_two_region_memory
    startup_stm32f407xx.o(RESET) refers to startup_stm32f407xx.o(STACK) for __initial_sp
    startup_stm32f407xx.o(RESET) refers to startup_stm32f407xx.o(.text) for Reset_Handler
    startup_stm32f407xx.o(RESET) refers to stm32f4xx_it.o(i.NMI_Handler) for NMI_Handler
    startup_stm32f407xx.o(RESET) refers to stm32f4xx_it.o(i.HardFault_Handler) for HardFault_Handler
    startup_stm32f407xx.o(RESET) refers to stm32f4xx_it.o(i.MemManage_Handler) for MemManage_Handler
    startup_stm32f407xx.o(RESET) refers to stm32f4xx_it.o(i.BusFault_Handler) for BusFault_Handler
    startup_stm32f407xx.o(RESET) refers to stm32f4xx_it.o(i.UsageFault_Handler) for UsageFault_Handler
    startup_stm32f407xx.o(RESET) refers to port.o(.emb_text) for SVC_Handler
    startup_stm32f407xx.o(RESET) refers to stm32f4xx_it.o(i.DebugMon_Handler) for DebugMon_Handler
    startup_stm32f407xx.o(RESET) refers to stm32f4xx_it.o(i.SysTick_Handler) for SysTick_Handler
    startup_stm32f407xx.o(RESET) refers to stm32f4xx_it.o(i.DMA1_Stream1_IRQHandler) for DMA1_Stream1_IRQHandler
    startup_stm32f407xx.o(RESET) refers to stm32f4xx_it.o(i.CAN1_RX0_IRQHandler) for CAN1_RX0_IRQHandler
    startup_stm32f407xx.o(RESET) refers to remote_control.o(i.USART3_IRQHandler) for USART3_IRQHandler
    startup_stm32f407xx.o(RESET) refers to stm32f4xx_it.o(i.DMA2_Stream2_IRQHandler) for DMA2_Stream2_IRQHandler
    startup_stm32f407xx.o(RESET) refers to stm32f4xx_it.o(i.CAN2_RX0_IRQHandler) for CAN2_RX0_IRQHandler
    startup_stm32f407xx.o(.text) refers (Special) to heapauxi.o(.text) for __use_two_region_memory
    startup_stm32f407xx.o(.text) refers to system_stm32f4xx.o(i.SystemInit) for SystemInit
    startup_stm32f407xx.o(.text) refers to __main.o(!!!main) for __main
    startup_stm32f407xx.o(.text) refers to startup_stm32f407xx.o(HEAP) for Heap_Mem
    startup_stm32f407xx.o(.text) refers to startup_stm32f407xx.o(STACK) for Stack_Mem
    main.o(i.SystemClock_Config) refers to rt_memclr_w.o(.text) for __aeabi_memclr4
    main.o(i.SystemClock_Config) refers to stm32f4xx_hal_rcc.o(i.HAL_RCC_OscConfig) for HAL_RCC_OscConfig
    main.o(i.SystemClock_Config) refers to stm32f4xx_hal_rcc.o(i.HAL_RCC_ClockConfig) for HAL_RCC_ClockConfig
    main.o(i.main) refers to stm32f4xx_hal.o(i.HAL_Init) for HAL_Init
    main.o(i.main) refers to main.o(i.SystemClock_Config) for SystemClock_Config
    main.o(i.main) refers to gpio.o(i.MX_GPIO_Init) for MX_GPIO_Init
    main.o(i.main) refers to can.o(i.MX_CAN1_Init) for MX_CAN1_Init
    main.o(i.main) refers to dma.o(i.MX_DMA_Init) for MX_DMA_Init
    main.o(i.main) refers to usart.o(i.MX_USART3_UART_Init) for MX_USART3_UART_Init
    main.o(i.main) refers to tim.o(i.MX_TIM1_Init) for MX_TIM1_Init
    main.o(i.main) refers to usart.o(i.MX_USART1_UART_Init) for MX_USART1_UART_Init
    main.o(i.main) refers to can.o(i.MX_CAN2_Init) for MX_CAN2_Init
    main.o(i.main) refers to usart.o(i.MX_USART6_UART_Init) for MX_USART6_UART_Init
    main.o(i.main) refers to remote_control.o(i.remote_control_init) for remote_control_init
    main.o(i.main) refers to bsp_can.o(i.can_filter_init) for can_filter_init
    main.o(i.main) refers to can_receive.o(i.can_receive_init) for can_receive_init
    main.o(i.main) refers to stm32f4xx_hal_tim.o(i.HAL_TIM_Base_Start) for HAL_TIM_Base_Start
    main.o(i.main) refers to stm32f4xx_hal_tim.o(i.HAL_TIM_PWM_Start) for HAL_TIM_PWM_Start
    main.o(i.main) refers to freertos.o(i.MX_FREERTOS_Init) for MX_FREERTOS_Init
    main.o(i.main) refers to cmsis_os.o(i.osKernelStart) for osKernelStart
    main.o(i.main) refers to tim.o(.bss) for htim1
    gpio.o(i.MX_GPIO_Init) refers to rt_memclr_w.o(.text) for __aeabi_memclr4
    gpio.o(i.MX_GPIO_Init) refers to stm32f4xx_hal_gpio.o(i.HAL_GPIO_WritePin) for HAL_GPIO_WritePin
    gpio.o(i.MX_GPIO_Init) refers to stm32f4xx_hal_gpio.o(i.HAL_GPIO_Init) for HAL_GPIO_Init
    freertos.o(i.MX_FREERTOS_Init) refers to rt_memcpy_w.o(.text) for __aeabi_memcpy4
    freertos.o(i.MX_FREERTOS_Init) refers to cmsis_os.o(i.osThreadCreate) for osThreadCreate
    freertos.o(i.MX_FREERTOS_Init) refers to freertos.o(.constdata) for .constdata
    freertos.o(i.MX_FREERTOS_Init) refers to freertos.o(.data) for .data
    freertos.o(i.vApplicationGetIdleTaskMemory) refers to freertos.o(.bss) for .bss
    freertos.o(.constdata) refers to freertos.o(.conststring) for .conststring
    freertos.o(.constdata) refers to catch_auto.o(i.StartDefaultTask) for StartDefaultTask
[...]
    _dsub1                                   0x080058b1   Thumb Code     0  daddsub_clz.o(x$fpl$dsub)
    x$fpl$fpinit                             0x08005a74   Section       10  fpinit.o(x$fpl$fpinit)
    $v0                                      0x08005a74   Number         0  fpinit.o(x$fpl$fpinit)
    x$fpl$fretinf                            0x08005a7e   Section       10  fretinf.o(x$fpl$fretinf)
    $v0                                      0x08005a7e   Number         0  fretinf.o(x$fpl$fretinf)
    .constdata                               0x08005a88   Section      112  freertos.o(.constdata)
    x$fpl$usenofp                            0x08005a88   Section        0  usenofp.o(x$fpl$usenofp)
    .constdata                               0x08005af8   Section        8  stm32f4xx_hal_dma.o(.constdata)
    flagBitshiftOffset                       0x08005af8   Data           8  stm32f4xx_hal_dma.o(.constdata)
    .constdata                               0x08005b00   Section       16  system_stm32f4xx.o(.constdata)
    .constdata                               0x08005b10   Section        8  system_stm32f4xx.o(.constdata)
    .conststring                             0x08005b18   Section       36  freertos.o(.conststring)
    .data                                    0x20000000   Section       16  freertos.o(.data)
    .data                                    0x20000010   Section        4  can.o(.data)
    HAL_RCC_CAN1_CLK_ENABLED                 0x20000010   Data           4  can.o(.data)
    .data                                    0x20000014   Section        2  remote_control.o(.data)
    this_time_rx_len                         0x20000014   Data           2  remote_control.o(.data)
    .data                                    0x20000016   Section       14  can_receive.o(.data)
    i                                        0x20000016   Data           1  can_receive.o(.data)
    i                                        0x20000017   Data           1  can_receive.o(.data)
    i                                        0x20000018   Data           1  can_receive.o(.data)
    i                                        0x20000019   Data           1  can_receive.o(.data)
    i                                        0x2000001a   Data           1  can_receive.o(.data)
    .data                                    0x20000024   Section      140  catch.o(.data)
    catch_can_send_data                      0x200000a8   Data           8  catch.o(.data)
    .data                                    0x200000b0   Section      100  lift.o(.data)
    lift_can_send_data                       0x2000010c   Data           8  lift.o(.data)
    .data                                    0x20000114   Section       12  stm32f4xx_hal.o(.data)
    .data                                    0x20000120   Section        4  system_stm32f4xx.o(.data)
    .data                                    0x20000124   Section       60  tasks.o(.data)
    uxDeletedTasksWaitingCleanUp             0x20000128   Data           4  tasks.o(.data)
    uxCurrentNumberOfTasks                   0x2000012c   Data           4  tasks.o(.data)
    xTickCount                               0x20000130   Data           4  tasks.o(.data)
    uxTopReadyPriority                       0x20000134   Data           4  tasks.o(.data)
    xSchedulerRunning                        0x20000138   Data           4  tasks.o(.data)
    xPendedTicks                             0x2000013c   Data           4  tasks.o(.data)
    xYieldPending                            0x20000140   Data           4  tasks.o(.data)
    xNumOfOverflows                          0x20000144   Data           4  tasks.o(.data)
    uxTaskNumber                             0x20000148   Data           4  tasks.o(.data)
    xNextTaskUnblockTime                     0x2000014c   Data           4  tasks.o(.data)
    xIdleTaskHandle                          0x20000150   Data           4  tasks.o(.data)
    uxSchedulerSuspended                     0x20000154   Data           4  tasks.o(.data)
    pxDelayedTaskList                        0x20000158   Data           4  tasks.o(.data)
    pxOverflowDelayedTaskList                0x2000015c   Data           4  tasks.o(.data)
    .data                                    0x20000160   Section       32  heap_4.o(.data)
    pxEnd                                    0x20000160   Data           4  heap_4.o(.data)
    xFreeBytesRemaining                      0x20000164   Data           4  heap_4.o(.data)
    xMinimumEverFreeBytesRemaining           0x20000168   Data           4  heap_4.o(.data)
    xNumberOfSuccessfulAllocations           0x2000016c   Data           4  heap_4.o(.data)
    xNumberOfSuccessfulFrees                 0x20000170   Data           4  heap_4.o(.data)
    xBlockAllocatedBit                       0x20000174   Data           4  heap_4.o(.data)
    xStart                                   0x20000178   Data           8  heap_4.o(.data)
    .data                                    0x20000180   Section       12  port.o(.data)
    ucMaxSysCallPriority                     0x20000180   Data           1  port.o(.data)
    uxCriticalNesting                        0x20000184   Data           4  port.o(.data)
    ulMaxPRIGROUPValue                       0x20000188   Data           4  port.o(.data)
    .bss                                     0x2000018c   Section      596  freertos.o(.bss)
    xIdleTaskTCBBuffer                       0x2000018c   Data          84  freertos.o(.bss)
    xIdleStack                               0x200001e0   Data         512  freertos.o(.bss)
    .bss                                     0x200003e0   Section       80  can.o(.bss)
    .bss                                     0x20000430   Section       72  tim.o(.bss)
    .bss                                     0x20000478   Section      396  usart.o(.bss)
    .bss                                     0x20000604   Section      136  remote_control.o(.bss)
    sbus_rx_buf                              0x2000061c   Data          72  remote_control.o(.bss)
    .bss                                     0x2000068c   Section      140  can_receive.o(.bss)
    .bss                                     0x20000718   Section      592  catch.o(.bss)
    can_tx_message                           0x20000950   Data          24  catch.o(.bss)
    .bss                                     0x20000968   Section      416  lift.o(.bss)
    can_tx_message                           0x20000af0   Data          24  lift.o(.bss)
    .bss                                     0x20000b08   Section      128  catch_auto.o(.bss)
    .bss                                     0x20000b88   Section      240  tasks.o(.bss)
    pxReadyTasksLists                        0x20000b88   Data         140  tasks.o(.bss)
    xDelayedTaskList1                        0x20000c14   Data          20  tasks.o(.bss)
    xDelayedTaskList2                        0x20000c28   Data          20  tasks.o(.bss)
    xPendingReadyList                        0x20000c3c   Data          20  tasks.o(.bss)
    xTasksWaitingTermination                 0x20000c50   Data          20  tasks.o(.bss)
    xSuspendedTaskList                       0x20000c64   Data          20  tasks.o(.bss)
    .bss                                     0x20000c78   Section    15360  heap_4.o(.bss)
    ucHeap                                   0x20000c78   Data       15360  heap_4.o(.bss)
    .bss                                     0x20004878   Section       96  libspace.o(.bss)
    HEAP                                     0x200048d8   Section      512  startup_stm32f407xx.o(HEAP)
    Heap_Mem                                 0x200048d8   Data         512  startup_stm32f407xx.o(HEAP)
    STACK                                    0x20004ad8   Section     1024  startup_stm32f407xx.o(STACK)
    Stack_Mem                                0x20004ad8   Data        1024  startup_stm32f407xx.o(STACK)
    __initial_sp                             0x20004ed8   Data           0  startup_stm32f407xx.o(STACK)

    Global Symbols

    Symbol Name                              Value     Ov Type        Size  Object(Section)

    BuildAttributes$$THM_ISAv4$E$P$D$K$B$S$7EM$VFPi3$EXTD16$VFPS$VFMA$PE$A:L22UL41UL21$X:L11$S22US41US21$IEEE1$IW$USESV6$~STKCKD$USESV7$~SHL$OSPACE$ROPI$EBA8$UX$STANDARDLIB$REQ8$PRES8$EABIv2 0x00000000   Number         0  anon$$obj.o ABSOLUTE
    __ARM_use_no_argv                        0x00000000   Number         0  main.o ABSOLUTE
    __ARM_exceptions_init                     - Undefined Weak Reference
    __alloca_initialize                       - Undefined Weak Reference
    __arm_fini_                               - Undefined Weak Reference
    __arm_preinit_                            - Undefined Weak Reference
    __cpp_initialize__aeabi_                  - Undefined Weak Reference
    __cxa_finalize                            - Undefined Weak Reference
    __rt_locale                               - Undefined Weak Reference
    __sigvec_lookup                           - Undefined Weak Reference
    _atexit_init                              - Undefined Weak Reference
    _call_atexit_fns                          - Undefined Weak Reference
    _clock_init                               - Undefined Weak Reference
    _fp_trap_init                             - Undefined Weak Reference
    _fp_trap_shutdown                         - Undefined Weak Reference
    _get_lc_collate                           - Undefined Weak Reference
    _get_lc_ctype                             - Undefined Weak Reference
    _get_lc_monetary                          - Undefined Weak Reference
    _get_lc_numeric                           - Undefined Weak Reference
    _get_lc_time                              - Undefined Weak Reference
    _getenv_init                              - Undefined Weak Reference
    _handle_redirection                       - Undefined Weak Reference
    _init_alloc                               - Undefined Weak Reference
    _init_user_alloc                          - Undefined Weak Reference
    _initio                                   - Undefined Weak Reference
    _rand_init                                - Undefined Weak Reference
    _signal_finish                            - Undefined Weak Reference
    _signal_init                              - Undefined Weak Reference
    _terminate_alloc                          - Undefined Weak Reference
    _terminate_user_alloc                     - Undefined Weak Reference
    _terminateio                              - Undefined Weak Reference
    __Vectors_Size                           0x00000188   Number         0  startup_stm32f407xx.o ABSOLUTE
    __Vectors                                0x08000000   Data           4  startup_stm32f407xx.o(RESET)
    __Vectors_End                            0x08000188   Data           0  startup_stm32f407xx.o(RESET)
    __main                                   0x08000189   Thumb Code     8  __main.o(!!!main)
    __scatterload                            0x08000191   Thumb Code     0  __scatter.o(!!!scatter)
    __scatterload_rt2                        0x08000191   Thumb Code    44  __scatter.o(!!!scatter)
    __scatterload_rt2_thumb_only             0x08000191   Thumb Code     0  __scatter.o(!!!scatter)
    __scatterload_null                       0x0800019f   Thumb Code     0  __scatter.o(!!!scatter)
    __decompress                             0x080001c5   Thumb Code    90  __dczerorl2.o(!!dczerorl2)
    __decompress1                            0x080001c5   Thumb Code     0  __dczerorl2.o(!!dczerorl2)
    __scatterload_zeroinit                   0x08000221   Thumb Code    28  __scatter_zi.o(!!handler_zi)
    __rt_lib_init                            0x0800023d   Thumb Code     0  libinit.o(.ARM.Collect$$libinit$$00000000)
    __rt_lib_init_fp_1                       0x0800023f   Thumb Code     0  libinit2.o(.ARM.Collect$$libinit$$00000001)
    __rt_lib_init_alloca_1                   0x08000243   Thumb Code     0  libinit2.o(.ARM.Collect$$libinit$$0000002E)
    __rt_lib_init_argv_1                     0x08000243   Thumb Code     0  libinit2.o(.ARM.Collect$$libinit$$0000002C)
    __rt_lib_init_atexit_1                   0x08000243   Thumb Code     0  libinit2.o(.ARM.Collect$$libinit$$0000001B)
    __rt_lib_init_clock_1                    0x08000243   Thumb Code     0  libinit2.o(.ARM.Collect$$libinit$$00000021)
    __rt_lib_init_cpp_1                      0x08000243   Thumb Code     0  libinit2.o(.ARM.Collect$$libinit$$00000032)
    __rt_lib_init_exceptions_1               0x08000243   Thumb Code     0  libinit2.o(.ARM.Collect$$libinit$$00000030)
    __rt_lib_init_fp_trap_1                  0x08000243   Thumb Code     0  libinit2.o(.ARM.Collect$$libinit$$0000001F)
    __rt_lib_init_getenv_1                   0x08000243   Thumb Code     0  libinit2.o(.ARM.Collect$$libinit$$00000023)
    __rt_lib_init_heap_1                     0x08000243   Thumb Code     0  libinit2.o(.ARM.Collect$$libinit$$0000000A)
    __rt_lib_init_lc_collate_1               0x08000243   Thumb Code     0  libinit2.o(.ARM.Collect$$libinit$$00000011)
    __rt_lib_init_lc_ctype_1                 0x08000243   Thumb Code     0  libinit2.o(.ARM.Collect$$libinit$$00000013)
    __rt_lib_init_lc_monetary_1              0x08000243   Thumb Code     0  libinit2.o(.ARM.Collect$$libinit$$00000015)
    __rt_lib_init_lc_numeric_1               0x08000243   Thumb Code     0  libinit2.o(.ARM.Collect$$libinit$$00000017)
    __rt_lib_init_lc_time_1                  0x08000243   Thumb Code     0  libinit2.o(.ARM.Collect$$libinit$$00000019)
    __rt_lib_init_preinit_1                  0x08000243   Thumb Code     0  libinit2.o(.ARM.Collect$$libinit$$00000004)
    __rt_lib_init_rand_1                     0x08000243   Thumb Code     0  libinit2.o(.ARM.Collect$$libinit$$0000000E)
    __rt_lib_init_return                     0x08000243   Thumb Code     0  libinit2.o(.ARM.Collect$$libinit$$00000033)
    __rt_lib_init_signal_1                   0x08000243   Thumb Code     0  libinit2.o(.ARM.Collect$$libinit$$0000001D)
    __rt_lib_init_stdio_1                    0x08000243   Thumb Code     0  libinit2.o(.ARM.Collect$$libinit$$00000025)
    __rt_lib_init_user_alloc_1               0x08000243   Thumb Code     0  libinit2.o(.ARM.Collect$$libinit$$0000000C)
    __rt_lib_shutdown                        0x08000245   Thumb Code     0  libshutdown.o(.ARM.Collect$$libshutdown$$00000000)
    __rt_lib_shutdown_cpp_1                  0x08000247   Thumb Code     0  libshutdown2.o(.ARM.Collect$$libshutdown$$00000004)
    __rt_lib_shutdown_fini_1                 0x08000247   Thumb Code     0  libshutdown2.o(.ARM.Collect$$libshutdown$$00000002)
    __rt_lib_shutdown_fp_trap_1              0x08000247   Thumb Code     0  libshutdown2.o(.ARM.Collect$$libshutdown$$00000009)
    __rt_lib_shutdown_heap_1                 0x08000247   Thumb Code     0  libshutdown2.o(.ARM.Collect$$libshutdown$$00000011)
    __rt_lib_shutdown_return                 0x08000247   Thumb Code     0  libshutdown2.o(.ARM.Collect$$libshutdown$$00000012)
    __rt_lib_shutdown_signal_1               0x08000247   Thumb Code     0  libshutdown2.o(.ARM.Collect$$libshutdown$$0000000C)
    __rt_lib_shutdown_stdio_1                0x08000247   Thumb Code     0  libshutdown2.o(.ARM.Collect$$libshutdown$$00000006)
    __rt_lib_shutdown_user_alloc_1           0x08000247   Thumb Code     0  libshutdown2.o(.ARM.Collect$$libshutdown$$0000000E)
    __rt_entry                               0x08000249   Thumb Code     0  __rtentry.o(.ARM.Collect$$rtentry$$00000000)
    __rt_entry_presh_1                       0x08000249   Thumb Code     0  __rtentry2.o(.ARM.Collect$$rtentry$$00000002)
    __rt_entry_sh                            0x08000249   Thumb Code     0  __rtentry4.o(.ARM.Collect$$rtentry$$00000004)
    __rt_entry_li                            0x0800024f   Thumb Code     0  __rtentry2.o(.ARM.Collect$$rtentry$$0000000A)
    __rt_entry_postsh_1                      0x0800024f   Thumb Code     0  __rtentry2.o(.ARM.Collect$$rtentry$$00000009)
    __rt_entry_main                          0x08000253   Thumb Code     0  __rtentry2.o(.ARM.Collect$$rtentry$$0000000D)
    __rt_entry_postli_1                      0x08000253   Thumb Code     0  __rtentry2.o(.ARM.Collect$$rtentry$$0000000C)
    __rt_exit                                0x0800025b   Thumb Code     0  rtexit.o(.ARM.Collect$$rtexit$$00000000)
    __rt_exit_ls                             0x0800025d   Thumb Code     0  rtexit2.o(.ARM.Collect$$rtexit$$00000003)
    __rt_exit_prels_1                        0x0800025d   Thumb Code     0  rtexit2.o(.ARM.Collect$$rtexit$$00000002)
    __rt_exit_exit                           0x08000261   Thumb Code     0  rtexit2.o(.ARM.Collect$$rtexit$$00000004)
    SVC_Handler                              0x08000269   Thumb Code    28  port.o(.emb_text)
    __asm___6_port_c_39a90d8d__prvStartFirstTask 0x08000289   Thumb Code    36  port.o(.emb_text)
    __asm___6_port_c_39a90d8d__prvEnableVFP  0x080002b1   Thumb Code    16  port.o(.emb_text)
    PendSV_Handler                           0x080002c5   Thumb Code    88  port.o(.emb_text)
    vPortGetIPSR                             0x08000321   Thumb Code     6  port.o(.emb_text)
    Reset_Handler                            0x08000329   Thumb Code     8  startup_stm32f407xx.o(.text)
    ADC_IRQHandler                           0x08000343   Thumb Code     0  startup_stm32f407xx.o(.text)
    CAN1_RX1_IRQHandler                      0x08000343   Thumb Code     0  startup_stm32f407xx.o(.text)
    CAN1_SCE_IRQHandler                      0x08000343   Thumb Code     0  startup_stm32f407xx.o(.text)
    CAN1_TX_IRQHandler                       0x08000343   Thumb Code     0  startup_stm32f407xx.o(.text)
    CAN2_RX1_IRQHandler                      0x08000343   Thumb Code     0  startup_stm32f407xx.o(.text)
    CAN2_SCE_IRQHandler                      0x08000343   Thumb Code     0  startup_stm32f407xx.o(.text)
    CAN2_TX_IRQHandler                       0x08000343   Thumb Code     0  startup_stm32f407xx.o(.text)
    DCMI_IRQHandler                          0x08000343   Thumb Code     0  startup_stm32f407xx.o(.text)
    DMA1_Stream0_IRQHandler                  0x08000343   Thumb Code     0  startup_stm32f407xx.o(.text)
    DMA1_Stream2_IRQHandler                  0x08000343   Thumb Code     0  startup_stm32f407xx.o(.text)
    DMA1_Stream3_IRQHandler                  0x08000343   Thumb Code     0  startup_stm32f407xx.o(.text)
    DMA1_Stream4_IRQHandler                  0x08000343   Thumb Code     0  startup_stm32f407xx.o(.text)
    DMA1_Stream5_IRQHandler                  0x08000343   Thumb Code     0  startup_stm32f407xx.o(.text)
    DMA1_Stream6_IRQHandler                  0x08000343   Thumb Code     0  startup_stm32f407xx.o(.text)
    DMA1_Stream7_IRQHandler                  0x08000343   Thumb Code     0  startup_stm32f407xx.o(.text)
    DMA2_Stream0_IRQHandler                  0x08000343   Thumb Code     0  startup_stm32f407xx.o(.text)
    DMA2_Stream1_IRQHandler                  0x08000343   Thumb Code     0  startup_stm32f407xx.o(.text)
    DMA2_Stream3_IRQHandler                  0x08000343   Thumb Code     0  startup_stm32f407xx.o(.text)
    DMA2_Stream4_IRQHandler                  0x08000343   Thumb Code     0  startup_stm32f407xx.o(.text)
    DMA2_Stream5_IRQHandler                  0x08000343   Thumb Code     0  startup_stm32f407xx.o(.text)
    DMA2_Stream6_IRQHandler                  0x08000343   Thumb Code     0  startup_stm32f407xx.o(.text)
    DMA2_Stream7_IRQHandler                  0x08000343   Thumb Code     0  startup_stm32f407xx.o(.text)
    ETH_IRQHandler                           0x08000343   Thumb Code     0  startup_stm32f407xx.o(.text)
    ETH_WKUP_IRQHandler                      0x08000343   Thumb Code     0  startup_stm32f407xx.o(.text)
    EXTI0_IRQHandler                         0x08000343   Thumb Code     0  startup_stm32f407xx.o(.text)
    EXTI15_10_IRQHandler                     0x08000343   Thumb Code     0  startup_stm32f407xx.o(.text)
    EXTI1_IRQHandler                         0x08000343   Thumb Code     0  startup_stm32f407xx.o(.text)
    EXTI2_IRQHandler                         0x08000343   Thumb Code     0  startup_stm32f407xx.o(.text)
    EXTI3_IRQHandler                         0x08000343   Thumb Code     0  startup_stm32f407xx.o(.text)
    EXTI4_IRQHandler                         0x08000343   Thumb Code     0  startup_stm32f407xx.o(.text)
    EXTI9_5_IRQHandler                       0x08000343   Thumb Code     0  startup_stm32f407xx.o(.text)
    FLASH_IRQHandler                         0x08000343   Thumb Code     0  startup_stm32f407xx.o(.text)
    FMC_IRQHandler                           0x08000343   Thumb Code     0  startup_stm32f407xx.o(.text)
    FPU_IRQHandler                           0x08000343   Thumb Code     0  startup_stm32f407xx.o(.text)
    HASH_RNG_IRQHandler                      0x08000343   Thumb Code     0  startup_stm32f407xx.o(.text)
    I2C1_ER_IRQHandler                       0x08000343   Thumb Code     0  startup_stm32f407xx.o(.text)
    I2C1_EV_IRQHandler                       0x08000343   Thumb Code     0  startup_stm32f407xx.o(.text)
    I2C2_ER_IRQHandler                       0x08000343   Thumb Code     0  startup_stm32f407xx.o(.text)
    I2C2_EV_IRQHandler                       0x08000343   Thumb Code     0  startup_stm32f407xx.o(.text)
    I2C3_ER_IRQHandler                       0x08000343   Thumb Code     0  startup_stm32f407xx.o(.text)
    I2C3_EV_IRQHandler                       0x08000343   Thumb Code     0  startup_stm32f407xx.o(.text)
    OTG_FS_IRQHandler                        0x08000343   Thumb Code     0  startup_stm32f407xx.o(.text)
    OTG_FS_WKUP_IRQHandler                   0x08000343   Thumb Code     0  startup_stm32f407xx.o(.text)
    OTG_HS_EP1_IN_IRQHandler                 0x08000343   Thumb Code     0  startup_stm32f407xx.o(.text)
    OTG_HS_EP1_OUT_IRQHandler                0x08000343   Thumb Code     0  startup_stm32f407xx.o(.text)
    OTG_HS_IRQHandler                        0x08000343   Thumb Code     0  startup_stm32f407xx.o(.text)
    OTG_HS_WKUP_IRQHandler                   0x08000343   Thumb Code     0  startup_stm32f407xx.o(.text)
    PVD_IRQHandler                           0x08000343   Thumb Code     0  startup_stm32f407xx.o(.text)
    RCC_IRQHandler                           0x08000343   Thumb Code     0  startup_stm32f407xx.o(.text)
    RTC_Alarm_IRQHandler                     0x08000343   Thumb Code     0  startup_stm32f407xx.o(.text)
    RTC_WKUP_IRQHandler                      0x08000343   Thumb Code     0  startup_stm32f407xx.o(.text)
    SDIO_IRQHandler                          0x08000343   Thumb Code     0  startup_stm32f407xx.o(.text)
    SPI1_IRQHandler                          0x08000343   Thumb Code     0  startup_stm32f407xx.o(.text)
    SPI2_IRQHandler                          0x08000343   Thumb Code     0  startup_stm32f407xx.o(.text)
    SPI3_IRQHandler                          0x08000343   Thumb Code     0  startup_stm32f407xx.o(.text)
    TAMP_STAMP_IRQHandler                    0x08000343   Thumb Code     0  startup_stm32f407xx.o(.text)
    TIM1_BRK_TIM9_IRQHandler                 0x08000343   Thumb Code     0  startup_stm32f407xx.o(.text)
    TIM1_CC_IRQHandler                       0x08000343   Thumb Code     0  startup_stm32f407xx.o(.text)
    TIM1_TRG_COM_TIM11_IRQHandler            0x08000343   Thumb Code     0  startup_stm32f407xx.o(.text)
    TIM1_UP_TIM10_IRQHandler                 0x08000343   Thumb Code     0  startup_stm32f407xx.o(.text)
    TIM2_IRQHandler                          0x08000343   Thumb Code     0  startup_stm32f407xx.o(.text)
    TIM3_IRQHandler                          0x08000343   Thumb Code     0  startup_stm32f407xx.o(.text)
    TIM4_IRQHandler                          0x08000343   Thumb Code     0  startup_stm32f407xx.o(.text)
    TIM5_IRQHandler                          0x08000343   Thumb Code     0  startup_stm32f407xx.o(.text)
    TIM6_DAC_IRQHandler                      0x08000343   Thumb Code     0  startup_stm32f407xx.o(.text)
    TIM7_IRQHandler                          0x08000343   Thumb Code     0  startup_stm32f407xx.o(.text)
    TIM8_BRK_TIM12_IRQHandler                0x08000343   Thumb Code     0  startup_stm32f407xx.o(.text)
    TIM8_CC_IRQHandler                       0x08000343   Thumb Code     0  startup_stm32f407xx.o(.text)
    TIM8_TRG_COM_TIM14_IRQHandler            0x08000343   Thumb Code     0  startup_stm32f407xx.o(.text)
    TIM8_UP_TIM13_IRQHandler                 0x08000343   Thumb Code     0  startup_stm32f407xx.o(.text)
    UART4_IRQHandler                         0x08000343   Thumb Code     0  startup_stm32f407xx.o(.text)
    UART5_IRQHandler                         0x08000343   Thumb Code     0  startup_stm32f407xx.o(.text)
    USART1_IRQHandler                        0x08000343   Thumb Code     0  startup_stm32f407xx.o(.text)
    USART2_IRQHandler                        0x08000343   Thumb Code     0  startup_stm32f407xx.o(.text)
    USART6_IRQHandler                        0x08000343   Thumb Code     0  startup_stm32f407xx.o(.text)
    WWDG_IRQHandler                          0x08000343   Thumb Code     0  startup_stm32f407xx.o(.text)
    __user_initial_stackheap                 0x08000345   Thumb Code     0  startup_stm32f407xx.o(.text)
    __aeabi_uldivmod                         0x08000369   Thumb Code     0  lludivv7m.o(.text)
    _ll_udiv                                 0x08000369   Thumb Code   238  lludivv7m.o(.text)
    __aeabi_memcpy4                          0x08000457   Thumb Code     0  rt_memcpy_w.o(.text)
    __aeabi_memcpy8                          0x08000457   Thumb Code     0  rt_memcpy_w.o(.text)
    __rt_memcpy_w                            0x08000457   Thumb Code   100  rt_memcpy_w.o(.text)
    _memcpy_lastbytes_aligned                0x0800049f   Thumb Code     0  rt_memcpy_w.o(.text)
    __aeabi_memclr4                          0x080004bb   Thumb Code     0  rt_memclr_w.o(.text)
    __aeabi_memclr8                          0x080004bb   Thumb Code     0  rt_memclr_w.o(.text)
    __rt_memclr_w                            0x080004bb   Thumb Code    78  rt_memclr_w.o(.text)
    _memset_w                                0x080004bf   Thumb Code     0  rt_memclr_w.o(.text)
    __use_two_region_memory                  0x08000509   Thumb Code     2  heapauxi.o(.text)
    __rt_heap_escrow$2region                 0x0800050b   Thumb Code     2  heapauxi.o(.text)
    __rt_heap_expand$2region                 0x0800050d   Thumb Code     2  heapauxi.o(.text)
    __user_setup_stackheap                   0x0800050f   Thumb Code    74  sys_stackheap_outer.o(.text)
    exit                                     0x08000559   Thumb Code    18  exit.o(.text)
    __user_libspace                          0x0800056d   Thumb Code     8  libspace.o(.text)
    __user_perproc_libspace                  0x0800056d   Thumb Code     0  libspace.o(.text)
    __user_perthread_libspace                0x0800056d   Thumb Code     0  libspace.o(.text)
    _sys_exit                                0x08000575   Thumb Code     8  sys_exit.o(.text)
    __I$use$semihosting                      0x08000581   Thumb Code     0  use_no_semi.o(.text)
    __use_no_semihosting_swi                 0x08000581   Thumb Code     2  use_no_semi.o(.text)
    BusFault_Handler                         0x08000583   Thumb Code     2  stm32f4xx_it.o(i.BusFault_Handler)
    __semihosting_library_function           0x08000583   Thumb Code     0  indicate_semi.o(.text)
    CAN1_RX0_IRQHandler                      0x08000585   Thumb Code     6  stm32f4xx_it.o(i.CAN1_RX0_IRQHandler)
    CAN2_RX0_IRQHandler                      0x08000591   Thumb Code     6  stm32f4xx_it.o(i.CAN2_RX0_IRQHandler)
    DMA1_Stream1_IRQHandler                  0x0800059d   Thumb Code     6  stm32f4xx_it.o(i.DMA1_Stream1_IRQHandler)
    DMA2_Stream2_IRQHandler                  0x080005a9   Thumb Code     6  stm32f4xx_it.o(i.DMA2_Stream2_IRQHandler)
    DebugMon_Handler                         0x08000659   Thumb Code     2  stm32f4xx_it.o(i.DebugMon_Handler)
    Error_Handler                            0x0800065b   Thumb Code     4  main.o(i.Error_Handler)
    HAL_CAN_ActivateNotification             0x0800065f   Thumb Code    36  stm32f4xx_hal_can.o(i.HAL_CAN_ActivateNotification)
    HAL_CAN_AddTxMessage                     0x08000683   Thumb Code   220  stm32f4xx_hal_can.o(i.HAL_CAN_AddTxMessage)
    HAL_CAN_ConfigFilter                     0x08000761   Thumb Code   262  stm32f4xx_hal_can.o(i.HAL_CAN_ConfigFilter)
    HAL_CAN_ErrorCallback                    0x0800086d   Thumb Code     2  stm32f4xx_hal_can.o(i.HAL_CAN_ErrorCallback)
    HAL_CAN_GetRxMessage                     0x0800086f   Thumb Code   232  stm32f4xx_hal_can.o(i.HAL_CAN_GetRxMessage)
    HAL_CAN_IRQHandler                       0x08000957   Thumb Code   508  stm32f4xx_hal_can.o(i.HAL_CAN_IRQHandler)
    HAL_CAN_Init                             0x08000b53   Thumb Code   282  stm32f4xx_hal_can.o(i.HAL_CAN_Init)
    HAL_CAN_MspInit                          0x08000c6d   Thumb Code   226  can.o(i.HAL_CAN_MspInit)
    HAL_CAN_RxFifo0FullCallback              0x08000d69   Thumb Code     2  stm32f4xx_hal_can.o(i.HAL_CAN_RxFifo0FullCallback)
    HAL_CAN_RxFifo0MsgPendingCallback        0x08000d6d   Thumb Code   602  can_receive.o(i.HAL_CAN_RxFifo0MsgPendingCallback)
    HAL_CAN_RxFifo1FullCallback              0x08000fe1   Thumb Code     2  stm32f4xx_hal_can.o(i.HAL_CAN_RxFifo1FullCallback)
    HAL_CAN_RxFifo1MsgPendingCallback        0x08000fe3   Thumb Code     2  stm32f4xx_hal_can.o(i.HAL_CAN_RxFifo1MsgPendingCallback)
    HAL_CAN_SleepCallback                    0x08000fe5   Thumb Code     2  stm32f4xx_hal_can.o(i.HAL_CAN_SleepCallback)
    HAL_CAN_Start                            0x08000fe9   Thumb Code    88  stm32f4xx_hal_can.o(i.HAL_CAN_Start)
    HAL_CAN_TxMailbox0AbortCallback          0x08001041   Thumb Code     2  stm32f4xx_hal_can.o(i.HAL_CAN_TxMailbox0AbortCallback)
    HAL_CAN_TxMailbox0CompleteCallback       0x08001043   Thumb Code     2  stm32f4xx_hal_can.o(i.HAL_CAN_TxMailbox0CompleteCallback)
    HAL_CAN_TxMailbox1AbortCallback          0x08001045   Thumb Code     2  stm32f4xx_hal_can.o(i.HAL_CAN_TxMailbox1AbortCallback)
    HAL_CAN_TxMailbox1CompleteCallback       0x08001047   Thumb Code     2  stm32f4xx_hal_can.o(i.HAL_CAN_TxMailbox1CompleteCallback)
    HAL_CAN_TxMailbox2AbortCallback          0x08001049   Thumb Code     2  stm32f4xx_hal_can.o(i.HAL_CAN_TxMailbox2AbortCallback)
    HAL_CAN_TxMailbox2CompleteCallback       0x0800104b   Thumb Code     2  stm32f4xx_hal_can.o(i.HAL_CAN_TxMailbox2CompleteCallback)
    HAL_CAN_WakeUpFromRxMsgCallback          0x0800104d   Thumb Code     2  stm32f4xx_hal_can.o(i.HAL_CAN_WakeUpFromRxMsgCallback)
    HAL_DMA_IRQHandler                       0x08001051   Thumb Code   412  stm32f4xx_hal_dma.o(i.HAL_DMA_IRQHandler)
    HAL_DMA_Init                             0x080011f1   Thumb Code   206  stm32f4xx_hal_dma.o(i.HAL_DMA_Init)
    HAL_DMA_Start_IT                         0x080012c5   Thumb Code   110  stm32f4xx_hal_dma.o(i.HAL_DMA_Start_IT)
    HAL_GPIO_Init                            0x08001335   Thumb Code   450  stm32f4xx_hal_gpio.o(i.HAL_GPIO_Init)
    HAL_GPIO_ReadPin                         0x08001525   Thumb Code    10  stm32f4xx_hal_gpio.o(i.HAL_GPIO_ReadPin)
    HAL_GPIO_WritePin                        0x0800152f   Thumb Code    10  stm32f4xx_hal_gpio.o(i.HAL_GPIO_WritePin)
    HAL_GetTick                              0x08001539   Thumb Code     6  stm32f4xx_hal.o(i.HAL_GetTick)
    HAL_IncTick                              0x08001545   Thumb Code    12  stm32f4xx_hal.o(i.HAL_IncTick)
    HAL_Init                                 0x08001555   Thumb Code    48  stm32f4xx_hal.o(i.HAL_Init)
    HAL_InitTick                             0x08001589   Thumb Code    54  stm32f4xx_hal.o(i.HAL_InitTick)
    HAL_MspInit                              0x080015c9   Thumb Code    52  stm32f4xx_hal_msp.o(i.HAL_MspInit)
    HAL_NVIC_EnableIRQ                       0x08001601   Thumb Code    26  stm32f4xx_hal_cortex.o(i.HAL_NVIC_EnableIRQ)
    HAL_NVIC_SetPriority                     0x0800161d   Thumb Code    60  stm32f4xx_hal_cortex.o(i.HAL_NVIC_SetPriority)
    HAL_NVIC_SetPriorityGrouping             0x0800165d   Thumb Code    26  stm32f4xx_hal_cortex.o(i.HAL_NVIC_SetPriorityGrouping)
    HAL_RCC_ClockConfig                      0x08001681   Thumb Code   288  stm32f4xx_hal_rcc.o(i.HAL_RCC_ClockConfig)
    HAL_RCC_GetPCLK1Freq                     0x080017b5   Thumb Code    20  stm32f4xx_hal_rcc.o(i.HAL_RCC_GetPCLK1Freq)
    HAL_RCC_GetPCLK2Freq                     0x080017d5   Thumb Code    20  stm32f4xx_hal_rcc.o(i.HAL_RCC_GetPCLK2Freq)
    HAL_RCC_GetSysClockFreq                  0x080017f5   Thumb Code    88  stm32f4xx_hal_rcc.o(i.HAL_RCC_GetSysClockFreq)
    HAL_RCC_OscConfig                        0x08001859   Thumb Code   856  stm32f4xx_hal_rcc.o(i.HAL_RCC_OscConfig)
    HAL_SYSTICK_Config                       0x08001bc5   Thumb Code    40  stm32f4xx_hal_cortex.o(i.HAL_SYSTICK_Config)
    HAL_TIMEx_ConfigBreakDeadTime            0x08001bed   Thumb Code    84  stm32f4xx_hal_tim_ex.o(i.HAL_TIMEx_ConfigBreakDeadTime)
    HAL_TIMEx_MasterConfigSynchronization    0x08001c41   Thumb Code   116  stm32f4xx_hal_tim_ex.o(i.HAL_TIMEx_MasterConfigSynchronization)
    HAL_TIM_Base_Init                        0x08001cd1   Thumb Code    90  stm32f4xx_hal_tim.o(i.HAL_TIM_Base_Init)
    HAL_TIM_Base_MspInit                     0x08001d2d   Thumb Code    30  tim.o(i.HAL_TIM_Base_MspInit)
    HAL_TIM_Base_Start                       0x08001d55   Thumb Code    90  stm32f4xx_hal_tim.o(i.HAL_TIM_Base_Start)
    HAL_TIM_ConfigClockSource                0x08001dcd   Thumb Code   220  stm32f4xx_hal_tim.o(i.HAL_TIM_ConfigClockSource)
    HAL_TIM_MspPostInit                      0x08001ea9   Thumb Code    72  tim.o(i.HAL_TIM_MspPostInit)
    HAL_TIM_PWM_ConfigChannel                0x08001efd   Thumb Code   204  stm32f4xx_hal_tim.o(i.HAL_TIM_PWM_ConfigChannel)
    HAL_TIM_PWM_Init                         0x08001fc9   Thumb Code    90  stm32f4xx_hal_tim.o(i.HAL_TIM_PWM_Init)
    HAL_TIM_PWM_MspInit                      0x08002023   Thumb Code     2  stm32f4xx_hal_tim.o(i.HAL_TIM_PWM_MspInit)
    HAL_TIM_PWM_Start                        0x08002025   Thumb Code   172  stm32f4xx_hal_tim.o(i.HAL_TIM_PWM_Start)
    HAL_UARTEx_RxEventCallback               0x080020ed   Thumb Code     2  stm32f4xx_hal_uart.o(i.HAL_UARTEx_RxEventCallback)
    HAL_UART_ErrorCallback                   0x080020ef   Thumb Code     2  stm32f4xx_hal_uart.o(i.HAL_UART_ErrorCallback)
    HAL_UART_Init                            0x080020f1   Thumb Code    98  stm32f4xx_hal_uart.o(i.HAL_UART_Init)
    HAL_UART_MspInit                         0x08002155   Thumb Code   352  usart.o(i.HAL_UART_MspInit)
    HAL_UART_Receive_DMA                     0x080022e1   Thumb Code    42  stm32f4xx_hal_uart.o(i.HAL_UART_Receive_DMA)
    HAL_UART_RxCpltCallback                  0x0800230b   Thumb Code     2  stm32f4xx_hal_uart.o(i.HAL_UART_RxCpltCallback)
    HAL_UART_RxHalfCpltCallback              0x0800230d   Thumb Code     2  stm32f4xx_hal_uart.o(i.HAL_UART_RxHalfCpltCallback)
    HardFault_Handler                        0x0800230f   Thumb Code     2  stm32f4xx_it.o(i.HardFault_Handler)
    Lifting_task                             0x08002311   Thumb Code   126  lift.o(i.Lifting_task)
    MX_CAN1_Init                             0x080023a9   Thumb Code    60  can.o(i.MX_CAN1_Init)
    MX_CAN2_Init                             0x080023ed   Thumb Code    60  can.o(i.MX_CAN2_Init)
    MX_DMA_Init                              0x08002431   Thumb Code    72  dma.o(i.MX_DMA_Init)
    MX_FREERTOS_Init                         0x0800247d   Thumb Code    96  freertos.o(i.MX_FREERTOS_Init)
    MX_GPIO_Init                             0x080024e5   Thumb Code   294  gpio.o(i.MX_GPIO_Init)
    MX_TIM1_Init                             0x08002621   Thumb Code   212  tim.o(i.MX_TIM1_Init)
    MX_USART1_UART_Init                      0x080026fd   Thumb Code    48  usart.o(i.MX_USART1_UART_Init)
    MX_USART3_UART_Init                      0x08002735   Thumb Code    46  usart.o(i.MX_USART3_UART_Init)
    MX_USART6_UART_Init                      0x08002771   Thumb Code    48  usart.o(i.MX_USART6_UART_Init)
    MemManage_Handler                        0x080027a9   Thumb Code     2  stm32f4xx_it.o(i.MemManage_Handler)
    NMI_Handler                              0x080027ab   Thumb Code     2  stm32f4xx_it.o(i.NMI_Handler)
    PID_calc                                 0x080027ad   Thumb Code   310  catch.o(i.PID_calc)
    RC_init                                  0x080028e9   Thumb Code    84  bsp_rc.o(i.RC_init)
    StartDefaultTask                         0x08002949   Thumb Code    22  catch_auto.o(i.StartDefaultTask)
    SysTick_Handler                          0x0800295f   Thumb Code    24  stm32f4xx_it.o(i.SysTick_Handler)
    SystemClock_Config                       0x08002979   Thumb Code   140  main.o(i.SystemClock_Config)
    SystemInit                               0x08002a0d   Thumb Code    12  system_stm32f4xx.o(i.SystemInit)
    TIM_Base_SetConfig                       0x08002a1d   Thumb Code   156  stm32f4xx_hal_tim.o(i.TIM_Base_SetConfig)
    TIM_CCxChannelCmd                        0x08002ae5   Thumb Code    26  stm32f4xx_hal_tim.o(i.TIM_CCxChannelCmd)
    TIM_ETR_SetConfig                        0x08002aff   Thumb Code    20  stm32f4xx_hal_tim.o(i.TIM_ETR_SetConfig)
    TIM_OC2_SetConfig                        0x08002b85   Thumb Code    98  stm32f4xx_hal_tim.o(i.TIM_OC2_SetConfig)
    UART_Start_Receive_DMA                   0x08002f4d   Thumb Code   130  stm32f4xx_hal_uart.o(i.UART_Start_Receive_DMA)
    USART1_ranging                           0x08002fdd   Thumb Code   140  remote_control.o(i.USART1_ranging)
    USART3_IRQHandler                        0x08003071   Thumb Code   156  remote_control.o(i.USART3_IRQHandler)
    UsageFault_Handler                       0x08003125   Thumb Code     2  stm32f4xx_it.o(i.UsageFault_Handler)
    auto_control                             0x08003149   Thumb Code   418  catch_auto.o(i.auto_control)
    auto_set_mode                            0x0800330d   Thumb Code   270  catch_auto.o(i.auto_set_mode)
    can_filter_init                          0x08003421   Thumb Code    80  bsp_can.o(i.can_filter_init)
    can_receive_init                         0x08003479   Thumb Code    26  can_receive.o(i.can_receive_init)
    can_send                                 0x08003499   Thumb Code    74  lift.o(i.can_send)
    catch_PID_init                           0x080034f1   Thumb Code   432  catch.o(i.catch_PID_init)
    catch_auto_init                          0x080036ad   Thumb Code    72  catch_auto.o(i.catch_auto_init)
    catch_can_send                           0x080036fd   Thumb Code    74  catch.o(i.catch_can_send)
    catch_control                            0x08003755   Thumb Code   544  catch.o(i.catch_control)
    catch_init                               0x08003991   Thumb Code   112  catch.o(i.catch_init)
    catch_sensor                             0x08003a21   Thumb Code   268  catch.o(i.catch_sensor)
    catch_set_mode                           0x08003b49   Thumb Code   482  catch.o(i.catch_set_mode)
    catch_task                               0x08003d35   Thumb Code    38  catch.o(i.catch_task)
    close_to                                 0x08003d65   Thumb Code   132  catch_auto.o(i.close_to)
    electromagnet_control                    0x08003df1   Thumb Code    38  catch.o(i.electromagnet_control)
    get_auto_control_point                   0x08003e25   Thumb Code     4  catch_auto.o(i.get_auto_control_point)
    get_motor_measure_point                  0x08003e2d   Thumb Code    12  can_receive.o(i.get_motor_measure_point)
    get_remote_control_point                 0x08003e3d   Thumb Code     4  remote_control.o(i.get_remote_control_point)
    get_reset_point                          0x08003e45   Thumb Code     4  can_receive.o(i.get_reset_point)
    lift_PID_calc                            0x08003e4d   Thumb Code   310  lift.o(i.lift_PID_calc)
    lift_PID_init                            0x08003f89   Thumb Code   346  lift.o(i.lift_PID_init)
    lift_control                             0x080040f1   Thumb Code   272  lift.o(i.lift_control)
    lift_init                                0x08004219   Thumb Code    98  lift.o(i.lift_init)
    lift_set_mode                            0x080042a1   Thumb Code   158  lift.o(i.lift_set_mode)
    main                                     0x08004349   Thumb Code    84  main.o(i.main)
    measure                                  0x080043ad   Thumb Code   276  catch_auto.o(i.measure)
    ore_control                              0x080044d9   Thumb Code   110  lift.o(i.ore_control)
    ore_set_mode                             0x0800454d   Thumb Code    72  lift.o(i.ore_set_mode)
    oreflip_servo                            0x0800459d   Thumb Code    90  catch.o(i.oreflip_servo)
    osKernelStart                            0x08004605   Thumb Code    10  cmsis_os.o(i.osKernelStart)
    osThreadCreate                           0x0800460f   Thumb Code    84  cmsis_os.o(i.osThreadCreate)
    pvPortMalloc                             0x080049b1   Thumb Code   216  heap_4.o(i.pvPortMalloc)
    pxPortInitialiseStack                    0x08004a8d   Thumb Code    40  port.o(i.pxPortInitialiseStack)
    remote_control_init                      0x08004ab9   Thumb Code    12  remote_control.o(i.remote_control_init)
    remote_task                              0x08004ac9   Thumb Code    14  remote_control.o(i.remote_task)
    sensor                                   0x08004b8d   Thumb Code    40  catch_auto.o(i.sensor)
    uxListRemove                             0x08004bbd   Thumb Code    38  list.o(i.uxListRemove)
    vApplicationGetIdleTaskMemory            0x08004be5   Thumb Code    16  freertos.o(i.vApplicationGetIdleTaskMemory)
    vListInitialise                          0x08004bf9   Thumb Code    22  list.o(i.vListInitialise)
    vListInitialiseItem                      0x08004c0f   Thumb Code     6  list.o(i.vListInitialiseItem)
    vListInsert                              0x08004c15   Thumb Code    48  list.o(i.vListInsert)
    vListInsertEnd                           0x08004c45   Thumb Code    24  list.o(i.vListInsertEnd)
    vPortEnterCritical                       0x08004c5d   Thumb Code    54  port.o(i.vPortEnterCritical)
    vPortExitCritical                        0x08004c9d   Thumb Code    34  port.o(i.vPortExitCritical)
    vPortFree                                0x08004cc5   Thumb Code    94  heap_4.o(i.vPortFree)
    vPortSetupTimerInterrupt                 0x08004d29   Thumb Code    32  port.o(i.vPortSetupTimerInterrupt)
    vTaskDelay                               0x08004d4d   Thumb Code    66  tasks.o(i.vTaskDelay)
    vTaskStartScheduler                      0x08004d99   Thumb Code    90  tasks.o(i.vTaskStartScheduler)
    vTaskSuspendAll                          0x08004e05   Thumb Code    10  tasks.o(i.vTaskSuspendAll)
    vTaskSwitchContext                       0x08004e15   Thumb Code    82  tasks.o(i.vTaskSwitchContext)
    xPortStartScheduler                      0x08004e71   Thumb Code   222  port.o(i.xPortStartScheduler)
    xPortSysTickHandler                      0x08004f65   Thumb Code    38  port.o(i.xPortSysTickHandler)
    xTaskCreate                              0x08004f91   Thumb Code    90  tasks.o(i.xTaskCreate)
    xTaskCreateStatic                        0x08004feb   Thumb Code    86  tasks.o(i.xTaskCreateStatic)
    xTaskGetSchedulerState                   0x08005041   Thumb Code    22  tasks.o(i.xTaskGetSchedulerState)
    xTaskIncrementTick                       0x0800505d   Thumb Code   194  tasks.o(i.xTaskIncrementTick)
    xTaskResumeAll                           0x08005129   Thumb Code   182  tasks.o(i.xTaskResumeAll)
    __aeabi_d2f                              0x080051ed   Thumb Code     0  d2f.o(x$fpl$d2f)
    _d2f                                     0x080051ed   Thumb Code    98  d2f.o(x$fpl$d2f)
    __aeabi_dadd                             0x08005251   Thumb Code     0  daddsub_clz.o(x$fpl$dadd)
    _dadd                                    0x08005251   Thumb Code   332  daddsub_clz.o(x$fpl$dadd)
    __aeabi_ddiv                             0x080053a1   Thumb Code     0  ddiv.o(x$fpl$ddiv)
    _ddiv                                    0x080053a1   Thumb Code   552  ddiv.o(x$fpl$ddiv)
    __aeabi_i2d                              0x08005651   Thumb Code     0  dflt_clz.o(x$fpl$dflt)
    _dflt                                    0x08005651   Thumb Code    46  dflt_clz.o(x$fpl$dflt)
    __aeabi_ui2d                             0x0800567f   Thumb Code     0  dflt_clz.o(x$fpl$dfltu)
    _dfltu                                   0x0800567f   Thumb Code    38  dflt_clz.o(x$fpl$dfltu)
    __aeabi_dmul                             0x080056a5   Thumb Code     0  dmul.o(x$fpl$dmul)
    _dmul                                    0x080056a5   Thumb Code   332  dmul.o(x$fpl$dmul)
    __fpl_dnaninf                            0x080057f9   Thumb Code   156  dnaninf.o(x$fpl$dnaninf)
    __fpl_dretinf                            0x08005895   Thumb Code    12  dretinf.o(x$fpl$dretinf)
    __aeabi_dsub                             0x080058a1   Thumb Code     0  daddsub_clz.o(x$fpl$dsub)
    _dsub                                    0x080058a1   Thumb Code   464  daddsub_clz.o(x$fpl$dsub)
    _fp_init                                 0x08005a75   Thumb Code    10  fpinit.o(x$fpl$fpinit)
    __fplib_config_fpu_vfp                   0x08005a7d   Thumb Code     0  fpinit.o(x$fpl$fpinit)
    __fplib_config_pureend_doubles           0x08005a7d   Thumb Code     0  fpinit.o(x$fpl$fpinit)
    __fpl_fretinf                            0x08005a7f   Thumb Code    10  fretinf.o(x$fpl$fretinf)
    __I$use$fp                               0x08005a88   Number         0  usenofp.o(x$fpl$usenofp)
    AHBPrescTable                            0x08005b00   Data          16  system_stm32f4xx.o(.constdata)
    APBPrescTable                            0x08005b10   Data           8  system_stm32f4xx.o(.constdata)
    Region$$Table$$Base                      0x08005b3c   Number         0  anon$$obj.o(Region$$Table)
    Region$$Table$$Limit                     0x08005b5c   Number         0  anon$$obj.o(Region$$Table)
    defaultTaskHandle                        0x20000000   Data           4  freertos.o(.data)
    LiftingHandle                            0x20000004   Data           4  freertos.o(.data)
    remoteHandle                             0x20000008   Data           4  freertos.o(.data)
    catchHandle                              0x2000000c   Data           4  freertos.o(.data)
    Reset_s                                  0x2000001c   Data           8  can_receive.o(.data)
    catch_keyboard                           0x20000024   Data           1  catch.o(.data)
    catch_catch_flag                         0x20000025   Data           1  catch.o(.data)
    catch_catch_last_flag                    0x20000026   Data           1  catch.o(.data)
    oreflip_flag                             0x20000027   Data           1  catch.o(.data)
    oreflip_last_flag                        0x20000028   Data           1  catch.o(.data)
    auto_get                                 0x20000029   Data           1  catch.o(.data)
    auto_in                                  0x2000002a   Data           1  catch.o(.data)
    auto_out                                 0x2000002b   Data           1  catch.o(.data)
    auto_ec                                  0x2000002c   Data           1  catch.o(.data)
    servo_data                               0x2000002e   Data           2  catch.o(.data)
    electromagnet_v                          0x20000030   Data           2  catch.o(.data)
    flip_angle_up                            0x20000034   Data           4  catch.o(.data)
    flip_angle_down                          0x20000038   Data           4  catch.o(.data)
    stretch_out_lenth                        0x2000003c   Data           4  catch.o(.data)
    stretch_back_lenth                       0x20000040   Data           4  catch.o(.data)
    CATCH_LEFT_KP                            0x20000044   Data           4  catch.o(.data)
    CATCH_LEFT_KI                            0x20000048   Data           4  catch.o(.data)
    CATCH_LEFT_KD                            0x2000004c   Data           4  catch.o(.data)
    CATCH_LEFT_MOUT                          0x20000050   Data           4  catch.o(.data)
    CATCH_LEFT_MIOUT                         0x20000054   Data           4  catch.o(.data)
    CATCH_RIGHT_KP                           0x20000058   Data           4  catch.o(.data)
    CATCH_RIGHT_KI                           0x2000005c   Data           4  catch.o(.data)
    CATCH_RIGHT_KD                           0x20000060   Data           4  catch.o(.data)
    CATCH_RIGHT_MOUT                         0x20000064   Data           4  catch.o(.data)
    CATCH_RIGHT_MIOUT                        0x20000068   Data           4  catch.o(.data)
    CATCH_STRETCH_KP                         0x2000006c   Data           4  catch.o(.data)
    CATCH_STRETCH_KI                         0x20000070   Data           4  catch.o(.data)
    CATCH_STRETCH_KD                         0x20000074   Data           4  catch.o(.data)
    CATCH_STRETCH_MOUT                       0x20000078   Data           4  catch.o(.data)
    CATCH_STRETCH_MIOUT                      0x2000007c   Data           4  catch.o(.data)
    CATCH_CATCH_KP                           0x20000080   Data           4  catch.o(.data)
    CATCH_CATCH_KI                           0x20000084   Data           4  catch.o(.data)
    CATCH_CATCH_KD                           0x20000088   Data           4  catch.o(.data)
    CATCH_CATCH_MOUT                         0x2000008c   Data           4  catch.o(.data)
    CATCH_CATCH_MIOUT                        0x20000090   Data           4  catch.o(.data)
    CATCH_ANGLE_KP                           0x20000094   Data           4  catch.o(.data)
    CATCH_ANGLE_KI                           0x20000098   Data           4  catch.o(.data)
    CATCH_ANGLE_KD                           0x2000009c   Data           4  catch.o(.data)
    CATCH_ANGLE_MOUT                         0x200000a0   Data           4  catch.o(.data)
    CATCH_ANGLE_MIOUT                        0x200000a4   Data           4  catch.o(.data)
    lift_keyboard                            0x200000b0   Data           1  lift.o(.data)
    lift_down                                0x200000b4   Data           4  lift.o(.data)
    lift_up                                  0x200000b8   Data           4  lift.o(.data)
    LIFT_LEFT_KP                             0x200000bc   Data           4  lift.o(.data)
    LIFT_LEFT_KI                             0x200000c0   Data           4  lift.o(.data)
    LIFT_LEFT_KD                             0x200000c4   Data           4  lift.o(.data)
    LIFT_LEFT_MOUT                           0x200000c8   Data           4  lift.o(.data)
    LIFT_LEFT_MIOUT                          0x200000cc   Data           4  lift.o(.data)
    LIFT_RIGHT_KP                            0x200000d0   Data           4  lift.o(.data)
    LIFT_RIGHT_KI                            0x200000d4   Data           4  lift.o(.data)
    LIFT_RIGHT_KD                            0x200000d8   Data           4  lift.o(.data)
    LIFT_RIGHT_MOUT                          0x200000dc   Data           4  lift.o(.data)
    LIFT_RIGHT_MIOUT                         0x200000e0   Data           4  lift.o(.data)
    ORE_LEFT_KP                              0x200000e4   Data           4  lift.o(.data)
    ORE_LEFT_KI                              0x200000e8   Data           4  lift.o(.data)
    ORE_LEFT_KD                              0x200000ec   Data           4  lift.o(.data)
    ORE_LEFT_MOUT                            0x200000f0   Data           4  lift.o(.data)
    ORE_LEFT_MIOUT                           0x200000f4   Data           4  lift.o(.data)
    ORE_RIGHT_KP                             0x200000f8   Data           4  lift.o(.data)
    ORE_RIGHT_KI                             0x200000fc   Data           4  lift.o(.data)
    ORE_RIGHT_KD                             0x20000100   Data           4  lift.o(.data)
    ORE_RIGHT_MOUT                           0x20000104   Data           4  lift.o(.data)
    ORE_RIGHT_MIOUT                          0x20000108   Data           4  lift.o(.data)
    uwTickFreq                               0x20000114   Data           1  stm32f4xx_hal.o(.data)
    uwTickPrio                               0x20000118   Data           4  stm32f4xx_hal.o(.data)
    uwTick                                   0x2000011c   Data           4  stm32f4xx_hal.o(.data)
    SystemCoreClock                          0x20000120   Data           4  system_stm32f4xx.o(.data)
    pxCurrentTCB                             0x20000124   Data           4  tasks.o(.data)
    hcan1                                    0x200003e0   Data          40  can.o(.bss)
    hcan2                                    0x20000408   Data          40  can.o(.bss)
    htim1                                    0x20000430   Data          72  tim.o(.bss)
    huart1                                   0x20000478   Data          68  usart.o(.bss)
    huart3                                   0x200004bc   Data          68  usart.o(.bss)
    huart6                                   0x20000500   Data          68  usart.o(.bss)
    hdma_usart1_rx                           0x20000544   Data          96  usart.o(.bss)
    hdma_usart3_rx                           0x200005a4   Data          96  usart.o(.bss)
    rc_ctrl                                  0x20000604   Data          24  remote_control.o(.bss)
    receive_distance                         0x20000664   Data          40  remote_control.o(.bss)
    motor                                    0x2000068c   Data         108  can_receive.o(.bss)
    lift_sensor                              0x200006f8   Data          32  can_receive.o(.bss)
    catch                                    0x20000718   Data         136  catch.o(.bss)
    catch_PID                                0x200007a0   Data         432  catch.o(.bss)
    lift_PID                                 0x20000968   Data         288  lift.o(.bss)
    strt                                     0x20000a88   Data         104  lift.o(.bss)
    auto_ctrl                                0x20000b08   Data         128  catch_auto.o(.bss)
    __libspace_start                         0x20004878   Data          96  libspace.o(.bss)
    __temporary_stack_top$libspace           0x200048d8   Data           0  libspace.o(.bss)



==============================================================================

Memory Map of the image

  Image Entry point : 0x08000189

  Load Region LR_IROM1 (Base: 0x08000000, Size: 0x00005ce8, Max: 0x00100000, ABSOLUTE, COMPRESSED[0x00005bb8])

    Execution Region ER_IROM1 (Exec base: 0x08000000, Load base: 0x08000000, Size: 0x00005b5c, Max: 0x00100000, ABSOLUTE)

    Exec Addr    Load Addr    Size         Type   Attr      Idx    E Section Name        Object

    0x08000000   0x08000000   0x00000188   Data   RO            3    RESET               startup_stm32f407xx.o
    0x08000188   0x08000188   0x00000008   Code   RO         5220  * !!!main             c_w.l(__main.o)
    0x08000190   0x08000190   0x00000034   Code   RO         5420    !!!scatter          c_w.l(__scatter.o)
    0x080001c4   0x080001c4   0x0000005a   Code   RO         5418    !!dczerorl2         c_w.l(__dczerorl2.o)
    0x0800021e   0x0800021e   0x00000002   PAD
    0x08000220   0x08000220   0x0000001c   Code   RO         5422    !!handler_zi        c_w.l(__scatter_zi.o)
    0x0800023c   0x0800023c   0x00000002   Code   RO         5286    .ARM.Collect$$libinit$$00000000  c_w.l(libinit.o)
    0x0800023e   0x0800023e   0x00000004   Code   RO         5298    .ARM.Collect$$libinit$$00000001  c_w.l(libinit2.o)
    0x08000242   0x08000242   0x00000000   Code   RO         5301    .ARM.Collect$$libinit$$00000004  c_w.l(libinit2.o)
    0x08000242   0x08000242   0x00000000   Code   RO         5304    .ARM.Collect$$libinit$$0000000A  c_w.l(libinit2.o)
    0x08000242   0x08000242   0x00000000   Code   RO         5306    .ARM.Collect$$libinit$$0000000C  c_w.l(libinit2.o)
    0x08000242   0x08000242   0x00000000   Code   RO         5308    .ARM.Collect$$libinit$$0000000E  c_w.l(libinit2.o)
    0x08000242   0x08000242   0x00000000   Code   RO         5311    .ARM.Collect$$libinit$$00000011  c_w.l(libinit2.o)
    0x08000242   0x08000242   0x00000000   Code   RO         5313    .ARM.Collect$$libinit$$00000013  c_w.l(libinit2.o)
    0x08000242   0x08000242   0x00000000   Code   RO         5315    .ARM.Collect$$libinit$$00000015  c_w.l(libinit2.o)
    0x08000242   0x08000242   0x00000000   Code   RO         5317    .ARM.Collect$$libinit$$00000017  c_w.l(libinit2.o)
    0x08000242   0x08000242   0x00000000   Code   RO         5319    .ARM.Collect$$libinit$$00000019  c_w.l(libinit2.o)
    0x08000242   0x08000242   0x00000000   Code   RO         5321    .ARM.Collect$$libinit$$0000001B  c_w.l(libinit2.o)
    0x08000242   0x08000242   0x00000000   Code   RO         5323    .ARM.Collect$$libinit$$0000001D  c_w.l(libinit2.o)
    0x08000242   0x08000242   0x00000000   Code   RO         5325    .ARM.Collect$$libinit$$0000001F  c_w.l(libinit2.o)
    0x08000242   0x08000242   0x00000000   Code   RO         5327    .ARM.Collect$$libinit$$00000021  c_w.l(libinit2.o)
    0x08000242   0x08000242   0x00000000   Code   RO         5329    .ARM.Collect$$libinit$$00000023  c_w.l(libinit2.o)
    0x08000242   0x08000242   0x00000000   Code   RO         5331    .ARM.Collect$$libinit$$00000025  c_w.l(libinit2.o)
    0x08000242   0x08000242   0x00000000   Code   RO         5335    .ARM.Collect$$libinit$$0000002C  c_w.l(libinit2.o)
    0x08000242   0x08000242   0x00000000   Code   RO         5337    .ARM.Collect$$libinit$$0000002E  c_w.l(libinit2.o)
    0x08000242   0x08000242   0x00000000   Code   RO         5339    .ARM.Collect$$libinit$$00000030  c_w.l(libinit2.o)
    0x08000242   0x08000242   0x00000000   Code   RO         5341    .ARM.Collect$$libinit$$00000032  c_w.l(libinit2.o)
    0x08000242   0x08000242   0x00000002   Code   RO         5342    .ARM.Collect$$libinit$$00000033  c_w.l(libinit2.o)
    0x08000244   0x08000244   0x00000002   Code   RO         5373    .ARM.Collect$$libshutdown$$00000000  c_w.l(libshutdown.o)
    0x08000246   0x08000246   0x00000000   Code   RO         5399    .ARM.Collect$$libshutdown$$00000002  c_w.l(libshutdown2.o)
    0x08000246   0x08000246   0x00000000   Code   RO         5401    .ARM.Collect$$libshutdown$$00000004  c_w.l(libshutdown2.o)
    0x08000246   0x08000246   0x00000000   Code   RO         5403    .ARM.Collect$$libshutdown$$00000006  c_w.l(libshutdown2.o)
    0x08000246   0x08000246   0x00000000   Code   RO         5406    .ARM.Collect$$libshutdown$$00000009  c_w.l(libshutdown2.o)
    0x08000246   0x08000246   0x00000000   Code   RO         5409    .ARM.Collect$$libshutdown$$0000000C  c_w.l(libshutdown2.o)
    0x08000246   0x08000246   0x00000000   Code   RO         5411    .ARM.Collect$$libshutdown$$0000000E  c_w.l(libshutdown2.o)
    0x08000246   0x08000246   0x00000000   Code   RO         5414    .ARM.Collect$$libshutdown$$00000011  c_w.l(libshutdown2.o)
    0x08000246   0x08000246   0x00000002   Code   RO         5415    .ARM.Collect$$libshutdown$$00000012  c_w.l(libshutdown2.o)
    0x08000248   0x08000248   0x00000000   Code   RO         5242    .ARM.Collect$$rtentry$$00000000  c_w.l(__rtentry.o)
    0x08000248   0x08000248   0x00000000   Code   RO         5257    .ARM.Collect$$rtentry$$00000002  c_w.l(__rtentry2.o)
    0x08000248   0x08000248   0x00000006   Code   RO         5269    .ARM.Collect$$rtentry$$00000004  c_w.l(__rtentry4.o)
    0x0800024e   0x0800024e   0x00000000   Code   RO         5259    .ARM.Collect$$rtentry$$00000009  c_w.l(__rtentry2.o)
    0x0800024e   0x0800024e   0x00000004   Code   RO         5260    .ARM.Collect$$rtentry$$0000000A  c_w.l(__rtentry2.o)
    0x08000252   0x08000252   0x00000000   Code   RO         5262    .ARM.Collect$$rtentry$$0000000C  c_w.l(__rtentry2.o)
    0x08000252   0x08000252   0x00000008   Code   RO         5263    .ARM.Collect$$rtentry$$0000000D  c_w.l(__rtentry2.o)
    0x0800025a   0x0800025a   0x00000002   Code   RO         5290    .ARM.Collect$$rtexit$$00000000  c_w.l(rtexit.o)
    0x0800025c   0x0800025c   0x00000000   Code   RO         5346    .ARM.Collect$$rtexit$$00000002  c_w.l(rtexit2.o)
    0x0800025c   0x0800025c   0x00000004   Code   RO         5347    .ARM.Collect$$rtexit$$00000003  c_w.l(rtexit2.o)
    0x08000260   0x08000260   0x00000006   Code   RO         5348    .ARM.Collect$$rtexit$$00000004  c_w.l(rtexit2.o)
    0x08000266   0x08000266   0x00000002   PAD
    0x08000268   0x08000268   0x000000be   Code   RO         5129    .emb_text           port.o
    0x08000326   0x08000326   0x00000002   PAD
    0x08000328   0x08000328   0x00000040   Code   RO            4    .text               startup_stm32f407xx.o
    0x08000368   0x08000368   0x000000ee   Code   RO         5208    .text               c_w.l(lludivv7m.o)
    0x08000456   0x08000456   0x00000064   Code   RO         5212    .text               c_w.l(rt_memcpy_w.o)
    0x080004ba   0x080004ba   0x0000004e   Code   RO         5216    .text               c_w.l(rt_memclr_w.o)
    0x08000508   0x08000508   0x00000006   Code   RO         5218    .text               c_w.l(heapauxi.o)
    0x0800050e   0x0800050e   0x0000004a   Code   RO         5273    .text               c_w.l(sys_stackheap_outer.o)
    0x08000558   0x08000558   0x00000012   Code   RO         5275    .text               c_w.l(exit.o)
    0x0800056a   0x0800056a   0x00000002   PAD
    0x0800056c   0x0800056c   0x00000008   Code   RO         5287    .text               c_w.l(libspace.o)
    0x08000574   0x08000574   0x0000000c   Code   RO         5343    .text               c_w.l(sys_exit.o)
    0x08000580   0x08000580   0x00000002   Code   RO         5362    .text               c_w.l(use_no_semi.o)
    0x08000582   0x08000582   0x00000000   Code   RO         5364    .text               c_w.l(indicate_semi.o)
    0x08000582   0x08000582   0x00000002   Code   RO          452    i.BusFault_Handler  stm32f4xx_it.o
    0x08000584   0x08000584   0x0000000c   Code   RO          453    i.CAN1_RX0_IRQHandler  stm32f4xx_it.o
    0x08000590   0x08000590   0x0000000c   Code   RO          454    i.CAN2_RX0_IRQHandler  stm32f4xx_it.o
    0x0800059c   0x0800059c   0x0000000c   Code   RO          455    i.DMA1_Stream1_IRQHandler  stm32f4xx_it.o
    0x080005a8   0x080005a8   0x0000000c   Code   RO          456    i.DMA2_Stream2_IRQHandler  stm32f4xx_it.o
    0x080005b4   0x080005b4   0x00000028   Code   RO         1834    i.DMA_CalcBaseAndBitshift  stm32f4xx_hal_dma.o
    0x080005dc   0x080005dc   0x00000054   Code   RO         1835    i.DMA_CheckFifoParam  stm32f4xx_hal_dma.o
    0x08000630   0x08000630   0x00000028   Code   RO         1836    i.DMA_SetConfig     stm32f4xx_hal_dma.o
    0x08000658   0x08000658   0x00000002   Code   RO          457    i.DebugMon_Handler  stm32f4xx_it.o
    0x0800065a   0x0800065a   0x00000004   Code   RO           13    i.Error_Handler     main.o
    0x0800065e   0x0800065e   0x00000024   Code   RO         1142    i.HAL_CAN_ActivateNotification  stm32f4xx_hal_can.o
    0x08000682   0x08000682   0x000000dc   Code   RO         1143    i.HAL_CAN_AddTxMessage  stm32f4xx_hal_can.o
    0x0800075e   0x0800075e   0x00000002   PAD
    0x08000760   0x08000760   0x0000010c   Code   RO         1144    i.HAL_CAN_ConfigFilter  stm32f4xx_hal_can.o
    0x0800086c   0x0800086c   0x00000002   Code   RO         1147    i.HAL_CAN_ErrorCallback  stm32f4xx_hal_can.o
    0x0800086e   0x0800086e   0x000000e8   Code   RO         1150    i.HAL_CAN_GetRxMessage  stm32f4xx_hal_can.o
    0x08000956   0x08000956   0x000001fc   Code   RO         1154    i.HAL_CAN_IRQHandler  stm32f4xx_hal_can.o
    0x08000b52   0x08000b52   0x0000011a   Code   RO         1155    i.HAL_CAN_Init      stm32f4xx_hal_can.o
    0x08000c6c   0x08000c6c   0x000000fc   Code   RO          278    i.HAL_CAN_MspInit   can.o
    0x08000d68   0x08000d68   0x00000002   Code   RO         1162    i.HAL_CAN_RxFifo0FullCallback  stm32f4xx_hal_can.o
    0x08000d6a   0x08000d6a   0x00000002   PAD
    0x08000d6c   0x08000d6c   0x00000274   Code   RO          693    i.HAL_CAN_RxFifo0MsgPendingCallback  can_receive.o
    0x08000fe0   0x08000fe0   0x00000002   Code   RO         1164    i.HAL_CAN_RxFifo1FullCallback  stm32f4xx_hal_can.o
    0x08000fe2   0x08000fe2   0x00000002   Code   RO         1165    i.HAL_CAN_RxFifo1MsgPendingCallback  stm32f4xx_hal_can.o
    0x08000fe4   0x08000fe4   0x00000002   Code   RO         1166    i.HAL_CAN_SleepCallback  stm32f4xx_hal_can.o
    0x08000fe6   0x08000fe6   0x00000002   PAD
    0x08000fe8   0x08000fe8   0x00000058   Code   RO         1167    i.HAL_CAN_Start     stm32f4xx_hal_can.o
    0x08001040   0x08001040   0x00000002   Code   RO         1169    i.HAL_CAN_TxMailbox0AbortCallback  stm32f4xx_hal_can.o
    0x08001042   0x08001042   0x00000002   Code   RO         1170    i.HAL_CAN_TxMailbox0CompleteCallback  stm32f4xx_hal_can.o
    0x08001044   0x08001044   0x00000002   Code   RO         1171    i.HAL_CAN_TxMailbox1AbortCallback  stm32f4xx_hal_can.o
    0x08001046   0x08001046   0x00000002   Code   RO         1172    i.HAL_CAN_TxMailbox1CompleteCallback  stm32f4xx_hal_can.o
    0x08001048   0x08001048   0x00000002   Code   RO         1173    i.HAL_CAN_TxMailbox2AbortCallback  stm32f4xx_hal_can.o
    0x0800104a   0x0800104a   0x00000002   Code   RO         1174    i.HAL_CAN_TxMailbox2CompleteCallback  stm32f4xx_hal_can.o
    0x0800104c   0x0800104c   0x00000002   Code   RO         1176    i.HAL_CAN_WakeUpFromRxMsgCallback  stm32f4xx_hal_can.o
    0x0800104e   0x0800104e   0x00000002   PAD
    0x08001050   0x08001050   0x000001a0   Code   RO         1842    i.HAL_DMA_IRQHandler  stm32f4xx_hal_dma.o
    0x080011f0   0x080011f0   0x000000d4   Code   RO         1843    i.HAL_DMA_Init      stm32f4xx_hal_dma.o
    0x080012c4   0x080012c4   0x0000006e   Code   RO         1847    i.HAL_DMA_Start_IT  stm32f4xx_hal_dma.o
    0x08001332   0x08001332   0x00000002   PAD
    0x08001334   0x08001334   0x000001f0   Code   RO         1730    i.HAL_GPIO_Init     stm32f4xx_hal_gpio.o
    0x08001524   0x08001524   0x0000000a   Code   RO         1732    i.HAL_GPIO_ReadPin  stm32f4xx_hal_gpio.o
    0x0800152e   0x0800152e   0x0000000a   Code   RO         1734    i.HAL_GPIO_WritePin  stm32f4xx_hal_gpio.o
    0x08001538   0x08001538   0x0000000c   Code   RO         2262    i.HAL_GetTick       stm32f4xx_hal.o
    0x08001544   0x08001544   0x00000010   Code   RO         2268    i.HAL_IncTick       stm32f4xx_hal.o
    0x08001554   0x08001554   0x00000034   Code   RO         2269    i.HAL_Init          stm32f4xx_hal.o
    0x08001588   0x08001588   0x00000040   Code   RO         2270    i.HAL_InitTick      stm32f4xx_hal.o
    0x080015c8   0x080015c8   0x00000038   Code   RO          540    i.HAL_MspInit       stm32f4xx_hal_msp.o
    0x08001600   0x08001600   0x0000001a   Code   RO         2119    i.HAL_NVIC_EnableIRQ  stm32f4xx_hal_cortex.o
    0x0800161a   0x0800161a   0x00000002   PAD
    0x0800161c   0x0800161c   0x00000040   Code   RO         2125    i.HAL_NVIC_SetPriority  stm32f4xx_hal_cortex.o
    0x0800165c   0x0800165c   0x00000024   Code   RO         2126    i.HAL_NVIC_SetPriorityGrouping  stm32f4xx_hal_cortex.o
    0x08001680   0x08001680   0x00000134   Code   RO         1376    i.HAL_RCC_ClockConfig  stm32f4xx_hal_rcc.o
    0x080017b4   0x080017b4   0x00000020   Code   RO         1383    i.HAL_RCC_GetPCLK1Freq  stm32f4xx_hal_rcc.o
    0x080017d4   0x080017d4   0x00000020   Code   RO         1384    i.HAL_RCC_GetPCLK2Freq  stm32f4xx_hal_rcc.o
    0x080017f4   0x080017f4   0x00000064   Code   RO         1385    i.HAL_RCC_GetSysClockFreq  stm32f4xx_hal_rcc.o
    0x08001858   0x08001858   0x0000036c   Code   RO         1388    i.HAL_RCC_OscConfig  stm32f4xx_hal_rcc.o
    0x08001bc4   0x08001bc4   0x00000028   Code   RO         2130    i.HAL_SYSTICK_Config  stm32f4xx_hal_cortex.o
    0x08001bec   0x08001bec   0x00000054   Code   RO         3216    i.HAL_TIMEx_ConfigBreakDeadTime  stm32f4xx_hal_tim_ex.o
    0x08001c40   0x08001c40   0x00000090   Code   RO         3232    i.HAL_TIMEx_MasterConfigSynchronization  stm32f4xx_hal_tim_ex.o
    0x08001cd0   0x08001cd0   0x0000005a   Code   RO         2509    i.HAL_TIM_Base_Init  stm32f4xx_hal_tim.o
    0x08001d2a   0x08001d2a   0x00000002   PAD
    0x08001d2c   0x08001d2c   0x00000028   Code   RO          351    i.HAL_TIM_Base_MspInit  tim.o
    0x08001d54   0x08001d54   0x00000078   Code   RO         2512    i.HAL_TIM_Base_Start  stm32f4xx_hal_tim.o
    0x08001dcc   0x08001dcc   0x000000dc   Code   RO         2518    i.HAL_TIM_ConfigClockSource  stm32f4xx_hal_tim.o
    0x08001ea8   0x08001ea8   0x00000054   Code   RO          352    i.HAL_TIM_MspPostInit  tim.o
    0x08001efc   0x08001efc   0x000000cc   Code   RO         2581    i.HAL_TIM_PWM_ConfigChannel  stm32f4xx_hal_tim.o
    0x08001fc8   0x08001fc8   0x0000005a   Code   RO         2584    i.HAL_TIM_PWM_Init  stm32f4xx_hal_tim.o
    0x08002022   0x08002022   0x00000002   Code   RO         2586    i.HAL_TIM_PWM_MspInit  stm32f4xx_hal_tim.o
    0x08002024   0x08002024   0x000000c8   Code   RO         2589    i.HAL_TIM_PWM_Start  stm32f4xx_hal_tim.o
    0x080020ec   0x080020ec   0x00000002   Code   RO         3491    i.HAL_UARTEx_RxEventCallback  stm32f4xx_hal_uart.o
    0x080020ee   0x080020ee   0x00000002   Code   RO         3505    i.HAL_UART_ErrorCallback  stm32f4xx_hal_uart.o
    0x080020f0   0x080020f0   0x00000062   Code   RO         3509    i.HAL_UART_Init     stm32f4xx_hal_uart.o
    0x08002152   0x08002152   0x00000002   PAD
    0x08002154   0x08002154   0x0000018c   Code   RO          399    i.HAL_UART_MspInit  usart.o
    0x080022e0   0x080022e0   0x0000002a   Code   RO         3513    i.HAL_UART_Receive_DMA  stm32f4xx_hal_uart.o
    0x0800230a   0x0800230a   0x00000002   Code   RO         3515    i.HAL_UART_RxCpltCallback  stm32f4xx_hal_uart.o
    0x0800230c   0x0800230c   0x00000002   Code   RO         3516    i.HAL_UART_RxHalfCpltCallback  stm32f4xx_hal_uart.o
    0x0800230e   0x0800230e   0x00000002   Code   RO          458    i.HardFault_Handler  stm32f4xx_it.o
    0x08002310   0x08002310   0x00000098   Code   RO          859    i.Lifting_task      lift.o
    0x080023a8   0x080023a8   0x00000044   Code   RO          279    i.MX_CAN1_Init      can.o
    0x080023ec   0x080023ec   0x00000044   Code   RO          280    i.MX_CAN2_Init      can.o
    0x08002430   0x08002430   0x0000004c   Code   RO          326    i.MX_DMA_Init       dma.o
    0x0800247c   0x0800247c   0x00000068   Code   RO          233    i.MX_FREERTOS_Init  freertos.o
    0x080024e4   0x080024e4   0x0000013c   Code   RO          209    i.MX_GPIO_Init      gpio.o
    0x08002620   0x08002620   0x000000dc   Code   RO          353    i.MX_TIM1_Init      tim.o
    0x080026fc   0x080026fc   0x00000038   Code   RO          400    i.MX_USART1_UART_Init  usart.o
    0x08002734   0x08002734   0x0000003c   Code   RO          401    i.MX_USART3_UART_Init  usart.o
    0x08002770   0x08002770   0x00000038   Code   RO          402    i.MX_USART6_UART_Init  usart.o
    0x080027a8   0x080027a8   0x00000002   Code   RO          459    i.MemManage_Handler  stm32f4xx_it.o
    0x080027aa   0x080027aa   0x00000002   Code   RO          460    i.NMI_Handler       stm32f4xx_it.o
    0x080027ac   0x080027ac   0x0000013c   Code   RO          754    i.PID_calc          catch.o
    0x080028e8   0x080028e8   0x00000060   Code   RO         1019    i.RC_init           bsp_rc.o
    0x08002948   0x08002948   0x00000016   Code   RO          949    i.StartDefaultTask  catch_auto.o
    0x0800295e   0x0800295e   0x00000018   Code   RO          461    i.SysTick_Handler   stm32f4xx_it.o
    0x08002976   0x08002976   0x00000002   PAD
    0x08002978   0x08002978   0x00000094   Code   RO           14    i.SystemClock_Config  main.o
    0x08002a0c   0x08002a0c   0x00000010   Code   RO         3838    i.SystemInit        system_stm32f4xx.o
    0x08002a1c   0x08002a1c   0x000000c8   Code   RO         2602    i.TIM_Base_SetConfig  stm32f4xx_hal_tim.o
    0x08002ae4   0x08002ae4   0x0000001a   Code   RO         2603    i.TIM_CCxChannelCmd  stm32f4xx_hal_tim.o
    0x08002afe   0x08002afe   0x00000014   Code   RO         2613    i.TIM_ETR_SetConfig  stm32f4xx_hal_tim.o
    0x08002b12   0x08002b12   0x00000010   Code   RO         2614    i.TIM_ITRx_SetConfig  stm32f4xx_hal_tim.o
    0x08002b22   0x08002b22   0x00000002   PAD
    0x08002b24   0x08002b24   0x00000060   Code   RO         2615    i.TIM_OC1_SetConfig  stm32f4xx_hal_tim.o
    0x08002b84   0x08002b84   0x0000006c   Code   RO         2616    i.TIM_OC2_SetConfig  stm32f4xx_hal_tim.o
    0x08002bf0   0x08002bf0   0x00000068   Code   RO         2617    i.TIM_OC3_SetConfig  stm32f4xx_hal_tim.o
    0x08002c58   0x08002c58   0x00000050   Code   RO         2618    i.TIM_OC4_SetConfig  stm32f4xx_hal_tim.o
    0x08002ca8   0x08002ca8   0x00000022   Code   RO         2620    i.TIM_TI1_ConfigInputStage  stm32f4xx_hal_tim.o
    0x08002cca   0x08002cca   0x00000024   Code   RO         2622    i.TIM_TI2_ConfigInputStage  stm32f4xx_hal_tim.o
    0x08002cee   0x08002cee   0x0000004a   Code   RO         3523    i.UART_DMAError     stm32f4xx_hal_uart.o
    0x08002d38   0x08002d38   0x00000082   Code   RO         3524    i.UART_DMAReceiveCplt  stm32f4xx_hal_uart.o
    0x08002dba   0x08002dba   0x0000001a   Code   RO         3526    i.UART_DMARxHalfCplt  stm32f4xx_hal_uart.o
    0x08002dd4   0x08002dd4   0x0000004e   Code   RO         3532    i.UART_EndRxTransfer  stm32f4xx_hal_uart.o
    0x08002e22   0x08002e22   0x0000001c   Code   RO         3533    i.UART_EndTxTransfer  stm32f4xx_hal_uart.o
    0x08002e3e   0x08002e3e   0x00000002   PAD
    0x08002e40   0x08002e40   0x0000010c   Code   RO         3535    i.UART_SetConfig    stm32f4xx_hal_uart.o
    0x08002f4c   0x08002f4c   0x00000090   Code   RO         3536    i.UART_Start_Receive_DMA  stm32f4xx_hal_uart.o
    0x08002fdc   0x08002fdc   0x00000094   Code   RO          564    i.USART1_ranging    remote_control.o
    0x08003070   0x08003070   0x000000b4   Code   RO          565    i.USART3_IRQHandler  remote_control.o
    0x08003124   0x08003124   0x00000002   Code   RO          462    i.UsageFault_Handler  stm32f4xx_it.o
    0x08003126   0x08003126   0x00000020   Code   RO         2132    i.__NVIC_SetPriority  stm32f4xx_hal_cortex.o
    0x08003146   0x08003146   0x00000002   PAD
    0x08003148   0x08003148   0x000001c4   Code   RO          950    i.auto_control      catch_auto.o
    0x0800330c   0x0800330c   0x00000114   Code   RO          951    i.auto_set_mode     catch_auto.o
    0x08003420   0x08003420   0x00000058   Code   RO         1113    i.can_filter_init   bsp_can.o
    0x08003478   0x08003478   0x00000020   Code   RO          694    i.can_receive_init  can_receive.o
    0x08003498   0x08003498   0x00000058   Code   RO          860    i.can_send          lift.o
    0x080034f0   0x080034f0   0x000001bc   Code   RO          756    i.catch_PID_init    catch.o
    0x080036ac   0x080036ac   0x00000050   Code   RO          952    i.catch_auto_init   catch_auto.o
    0x080036fc   0x080036fc   0x00000058   Code   RO          757    i.catch_can_send    catch.o
    0x08003754   0x08003754   0x0000023c   Code   RO          758    i.catch_control     catch.o
    0x08003990   0x08003990   0x00000090   Code   RO          759    i.catch_init        catch.o
    0x08003a20   0x08003a20   0x00000128   Code   RO          760    i.catch_sensor      catch.o
    0x08003b48   0x08003b48   0x000001ec   Code   RO          761    i.catch_set_mode    catch.o
    0x08003d34   0x08003d34   0x00000030   Code   RO          762    i.catch_task        catch.o
    0x08003d64   0x08003d64   0x0000008c   Code   RO          953    i.close_to          catch_auto.o
    0x08003df0   0x08003df0   0x00000034   Code   RO          763    i.electromagnet_control  catch.o
    0x08003e24   0x08003e24   0x00000008   Code   RO          954    i.get_auto_control_point  catch_auto.o
    0x08003e2c   0x08003e2c   0x00000010   Code   RO          695    i.get_motor_measure_point  can_receive.o
    0x08003e3c   0x08003e3c   0x00000008   Code   RO          566    i.get_remote_control_point  remote_control.o
    0x08003e44   0x08003e44   0x00000008   Code   RO          696    i.get_reset_point   can_receive.o
    0x08003e4c   0x08003e4c   0x0000013c   Code   RO          861    i.lift_PID_calc     lift.o
    0x08003f88   0x08003f88   0x00000168   Code   RO          862    i.lift_PID_init     lift.o
    0x080040f0   0x080040f0   0x00000128   Code   RO          864    i.lift_control      lift.o
    0x08004218   0x08004218   0x00000088   Code   RO          865    i.lift_init         lift.o
    0x080042a0   0x080042a0   0x000000a8   Code   RO          866    i.lift_set_mode     lift.o
    0x08004348   0x08004348   0x00000058   Code   RO           15    i.main              main.o
    0x080043a0   0x080043a0   0x0000000c   Code   RO         4692    i.makeFreeRtosPriority  cmsis_os.o
    0x080043ac   0x080043ac   0x0000012c   Code   RO          955    i.measure           catch_auto.o
    0x080044d8   0x080044d8   0x00000074   Code   RO          867    i.ore_control       lift.o
    0x0800454c   0x0800454c   0x00000050   Code   RO          868    i.ore_set_mode      lift.o
    0x0800459c   0x0800459c   0x00000068   Code   RO          765    i.oreflip_servo     catch.o
    0x08004604   0x08004604   0x0000000a   Code   RO         4697    i.osKernelStart     cmsis_os.o
    0x0800460e   0x0800460e   0x00000054   Code   RO         4731    i.osThreadCreate    cmsis_os.o
    0x08004662   0x08004662   0x00000002   PAD
    0x08004664   0x08004664   0x00000070   Code   RO         4371    i.prvAddCurrentTaskToDelayedList  tasks.o
    0x080046d4   0x080046d4   0x000000d0   Code   RO         4372    i.prvAddNewTaskToReadyList  tasks.o
    0x080047a4   0x080047a4   0x00000034   Code   RO         4373    i.prvDeleteTCB      tasks.o
    0x080047d8   0x080047d8   0x0000004c   Code   RO         5062    i.prvHeapInit       heap_4.o
    0x08004824   0x08004824   0x00000060   Code   RO         4374    i.prvIdleTask       tasks.o
    0x08004884   0x08004884   0x00000098   Code   RO         4375    i.prvInitialiseNewTask  tasks.o
    0x0800491c   0x0800491c   0x0000004c   Code   RO         5063    i.prvInsertBlockIntoFreeList  heap_4.o
    0x08004968   0x08004968   0x00000020   Code   RO         4376    i.prvResetNextTaskUnblockTime  tasks.o
    0x08004988   0x08004988   0x00000028   Code   RO         5130    i.prvTaskExitError  port.o
    0x080049b0   0x080049b0   0x000000dc   Code   RO         5064    i.pvPortMalloc      heap_4.o
    0x08004a8c   0x08004a8c   0x0000002c   Code   RO         5131    i.pxPortInitialiseStack  port.o
    0x08004ab8   0x08004ab8   0x00000010   Code   RO          567    i.remote_control_init  remote_control.o
    0x08004ac8   0x08004ac8   0x0000000e   Code   RO          568    i.remote_task       remote_control.o
    0x08004ad6   0x08004ad6   0x000000b4   Code   RO          569    i.sbus_to_rc        remote_control.o
    0x08004b8a   0x08004b8a   0x00000002   PAD
    0x08004b8c   0x08004b8c   0x00000030   Code   RO          956    i.sensor            catch_auto.o
    0x08004bbc   0x08004bbc   0x00000026   Code   RO         4007    i.uxListRemove      list.o
    0x08004be2   0x08004be2   0x00000002   PAD
    0x08004be4   0x08004be4   0x00000014   Code   RO          234    i.vApplicationGetIdleTaskMemory  freertos.o
    0x08004bf8   0x08004bf8   0x00000016   Code   RO         4008    i.vListInitialise   list.o
    0x08004c0e   0x08004c0e   0x00000006   Code   RO         4009    i.vListInitialiseItem  list.o
    0x08004c14   0x08004c14   0x00000030   Code   RO         4010    i.vListInsert       list.o
    0x08004c44   0x08004c44   0x00000018   Code   RO         4011    i.vListInsertEnd    list.o
    0x08004c5c   0x08004c5c   0x00000040   Code   RO         5133    i.vPortEnterCritical  port.o
    0x08004c9c   0x08004c9c   0x00000028   Code   RO         5134    i.vPortExitCritical  port.o
    0x08004cc4   0x08004cc4   0x00000064   Code   RO         5065    i.vPortFree         heap_4.o
    0x08004d28   0x08004d28   0x00000024   Code   RO         5135    i.vPortSetupTimerInterrupt  port.o
    0x08004d4c   0x08004d4c   0x0000004c   Code   RO         4385    i.vTaskDelay        tasks.o
    0x08004d98   0x08004d98   0x0000006c   Code   RO         4398    i.vTaskStartScheduler  tasks.o
    0x08004e04   0x08004e04   0x00000010   Code   RO         4400    i.vTaskSuspendAll   tasks.o
    0x08004e14   0x08004e14   0x0000005c   Code   RO         4401    i.vTaskSwitchContext  tasks.o
    0x08004e70   0x08004e70   0x000000f4   Code   RO         5137    i.xPortStartScheduler  port.o
    0x08004f64   0x08004f64   0x0000002c   Code   RO         5138    i.xPortSysTickHandler  port.o
    0x08004f90   0x08004f90   0x0000005a   Code   RO         4404    i.xTaskCreate       tasks.o
    0x08004fea   0x08004fea   0x00000056   Code   RO         4405    i.xTaskCreateStatic  tasks.o
    0x08005040   0x08005040   0x0000001c   Code   RO         4409    i.xTaskGetSchedulerState  tasks.o
    0x0800505c   0x0800505c   0x000000cc   Code   RO         4412    i.xTaskIncrementTick  tasks.o
    0x08005128   0x08005128   0x000000c4   Code   RO         4418    i.xTaskResumeAll    tasks.o
    0x080051ec   0x080051ec   0x00000062   Code   RO         5222    x$fpl$d2f           fz_wm.l(d2f.o)
    0x0800524e   0x0800524e   0x00000002   PAD
    0x08005250   0x08005250   0x00000150   Code   RO         5224    x$fpl$dadd          fz_wm.l(daddsub_clz.o)
    0x080053a0   0x080053a0   0x000002b0   Code   RO         5231    x$fpl$ddiv          fz_wm.l(ddiv.o)
    0x08005650   0x08005650   0x0000002e   Code   RO         5235    x$fpl$dflt          fz_wm.l(dflt_clz.o)
    0x0800567e   0x0800567e   0x00000026   Code   RO         5234    x$fpl$dfltu         fz_wm.l(dflt_clz.o)
    0x080056a4   0x080056a4   0x00000154   Code   RO         5240    x$fpl$dmul          fz_wm.l(dmul.o)
    0x080057f8   0x080057f8   0x0000009c   Code   RO         5249    x$fpl$dnaninf       fz_wm.l(dnaninf.o)
    0x08005894   0x08005894   0x0000000c   Code   RO         5251    x$fpl$dretinf       fz_wm.l(dretinf.o)
    0x080058a0   0x080058a0   0x000001d4   Code   RO         5226    x$fpl$dsub          fz_wm.l(daddsub_clz.o)
    0x08005a74   0x08005a74   0x0000000a   Code   RO         5358    x$fpl$fpinit        fz_wm.l(fpinit.o)
    0x08005a7e   0x08005a7e   0x0000000a   Code   RO         5253    x$fpl$fretinf       fz_wm.l(fretinf.o)
    0x08005a88   0x08005a88   0x00000000   Code   RO         5255    x$fpl$usenofp       fz_wm.l(usenofp.o)
    0x08005a88   0x08005a88   0x00000070   Data   RO          236    .constdata          freertos.o
    0x08005af8   0x08005af8   0x00000008   Data   RO         1849    .constdata          stm32f4xx_hal_dma.o
    0x08005b00   0x08005b00   0x00000010   Data   RO         3839    .constdata          system_stm32f4xx.o
    0x08005b10   0x08005b10   0x00000008   Data   RO         3840    .constdata          system_stm32f4xx.o
    0x08005b18   0x08005b18   0x00000024   Data   RO          237    .conststring        freertos.o
    0x08005b3c   0x08005b3c   0x00000020   Data   RO         5416    Region$$Table       anon$$obj.o


    Execution Region RW_IRAM1 (Exec base: 0x20000000, Load base: 0x08005b5c, Size: 0x00004ed8, Max: 0x00020000, ABSOLUTE, COMPRESSED[0x0000005c])

    Exec Addr    Load Addr    Size         Type   Attr      Idx    E Section Name        Object

    0x20000000   COMPRESSED   0x00000010   Data   RW          238    .data               freertos.o
    0x20000010   COMPRESSED   0x00000004   Data   RW          282    .data               can.o
    0x20000014   COMPRESSED   0x00000002   Data   RW          571    .data               remote_control.o
    0x20000016   COMPRESSED   0x0000000e   Data   RW          700    .data               can_receive.o
    0x20000024   COMPRESSED   0x0000008c   Data   RW          767    .data               catch.o
    0x200000b0   COMPRESSED   0x00000064   Data   RW          870    .data               lift.o
    0x20000114   COMPRESSED   0x0000000c   Data   RW         2276    .data               stm32f4xx_hal.o
    0x20000120   COMPRESSED   0x00000004   Data   RW         3841    .data               system_stm32f4xx.o
    0x20000124   COMPRESSED   0x0000003c   Data   RW         4421    .data               tasks.o
    0x20000160   COMPRESSED   0x00000020   Data   RW         5071    .data               heap_4.o
    0x20000180   COMPRESSED   0x0000000c   Data   RW         5139    .data               port.o
    0x2000018c        -       0x00000254   Zero   RW          235    .bss                freertos.o
    0x200003e0        -       0x00000050   Zero   RW          281    .bss                can.o
    0x20000430        -       0x00000048   Zero   RW          354    .bss                tim.o
    0x20000478        -       0x0000018c   Zero   RW          403    .bss                usart.o
    0x20000604        -       0x00000088   Zero   RW          570    .bss                remote_control.o
    0x2000068c        -       0x0000008c   Zero   RW          698    .bss                can_receive.o
    0x20000718        -       0x00000250   Zero   RW          766    .bss                catch.o
    0x20000968        -       0x000001a0   Zero   RW          869    .bss                lift.o
    0x20000b08        -       0x00000080   Zero   RW          957    .bss                catch_auto.o
    0x20000b88        -       0x000000f0   Zero   RW         4420    .bss                tasks.o
    0x20000c78        -       0x00003c00   Zero   RW         5070    .bss                heap_4.o
    0x20004878        -       0x00000060   Zero   RW         5288    .bss                c_w.l(libspace.o)
    0x200048d8        -       0x00000200   Zero   RW            2    HEAP                startup_stm32f407xx.o
    0x20004ad8        -       0x00000400   Zero   RW            1    STACK               startup_stm32f407xx.o


==============================================================================

Image component sizes


      Code (inc. data)   RO Data    RW Data    ZI Data      Debug   Object Name

        88          8          0          0          0        578   bsp_can.o
        96         12          0          0          0     593758   bsp_rc.o
       388         42          0          4         80       2462   can.o
       684         46          0         14        140       5005   can_receive.o
      2556        168          0        140        592      12723   catch.o
      1326         92          0          0        128       5595   catch_auto.o
       106          0          0          0          0      25067   cmsis_os.o
         0          0          0          0          0       7400   croutine.o
        76          4          0          0          0        814   dma.o
         0          0          0          0          0      19364   event_groups.o
       124         12        148         16        596       2190   freertos.o
       316         22          0          0          0       1179   gpio.o
       472         24          0         32      15360       7419   heap_4.o
      1712        146          0        100        416       9252   lift.o
       138          0          0          0          0       3546   list.o
       240         12          0          0          0     731716   main.o
       702         72          0         12          0      11004   port.o
       546         40          0          2        136     598544   remote_control.o
        64         26        392          0       1536        840   startup_stm32f407xx.o
       144         24          0         12          0       8753   stm32f4xx_hal.o
      1658          6          0          0          0      14207   stm32f4xx_hal_can.o
       198         14          0          0          0      33923   stm32f4xx_hal_cortex.o
       902         16          8          0          0       5787   stm32f4xx_hal_dma.o
       516         46          0          0          0       2835   stm32f4xx_hal_gpio.o
        56          4          0          0          0        862   stm32f4xx_hal_msp.o
      1348         76          0          0          0       5216   stm32f4xx_hal_rcc.o
      1646        138          0          0          0      13661   stm32f4xx_hal_tim.o
       228         28          0          0          0       2152   stm32f4xx_hal_tim_ex.o
       896         24          0          0          0       8982   stm32f4xx_hal_uart.o
        84         24          0          0          0       5199   stm32f4xx_it.o
         0          0          0          0          0        384   stream_buffer.o
        16          4         24          4          0       1115   system_stm32f4xx.o
      1548        118          0         60        240      20151   tasks.o
       344         30          0          0         72       2424   tim.o
         0          0          0          0          0       2488   timers.o
       568         74          0          0        396       3338   usart.o

    ----------------------------------------------------------------------
     19818       1352        604        396      19692    2169933   Object Totals
         0          0         32          0          0          0   (incl. Generated)
        32          0          0          0          0          0   (incl. Padding)

    ----------------------------------------------------------------------

      Code (inc. data)   RO Data    RW Data    ZI Data      Debug   Library Member Name

        90          0          0          0          0          0   __dczerorl2.o
         8          0          0          0          0         68   __main.o
         0          0          0          0          0          0   __rtentry.o
        12          0          0          0          0          0   __rtentry2.o
         6          0          0          0          0          0   __rtentry4.o
        52          8          0          0          0          0   __scatter.o
        28          0          0          0          0          0   __scatter_zi.o
        18          0          0          0          0         80   exit.o
         6          0          0          0          0        152   heapauxi.o
         0          0          0          0          0          0   indicate_semi.o
         2          0          0          0          0          0   libinit.o
         6          0          0          0          0          0   libinit2.o
         2          0          0          0          0          0   libshutdown.o
         2          0          0          0          0          0   libshutdown2.o
         8          4          0          0         96         68   libspace.o
       238          0          0          0          0        100   lludivv7m.o
        78          0          0          0          0         80   rt_memclr_w.o
       100          0          0          0          0         80   rt_memcpy_w.o
         2          0          0          0          0          0   rtexit.o
        10          0          0          0          0          0   rtexit2.o
        12          4          0          0          0         68   sys_exit.o
        74          0          0          0          0         80   sys_stackheap_outer.o
         2          0          0          0          0         68   use_no_semi.o
        98          4          0          0          0        140   d2f.o
       804         16          0          0          0        368   daddsub_clz.o
       688        140          0          0          0        256   ddiv.o
        84          0          0          0          0        232   dflt_clz.o
       340         12          0          0          0        152   dmul.o
       156          4          0          0          0        140   dnaninf.o
        12          0          0          0          0        116   dretinf.o
        10          0          0          0          0        116   fpinit.o
        10          0          0          0          0        116   fretinf.o
         0          0          0          0          0          0   usenofp.o

    ----------------------------------------------------------------------
      2966        192          0          0         96       2480   Library Totals
         8          0          0          0          0          0   (incl. Padding)

    ----------------------------------------------------------------------

      Code (inc. data)   RO Data    RW Data    ZI Data      Debug   Library Name

       756         16          0          0         96        844   c_w.l
      2202        176          0          0          0       1636   fz_wm.l

    ----------------------------------------------------------------------
      2966        192          0          0         96       2480   Library Totals

    ----------------------------------------------------------------------

==============================================================================


      Code (inc. data)   RO Data    RW Data    ZI Data      Debug   

     22784       1544        604        396      19788    2154701   Grand Totals
     22784       1544        604         92      19788    2154701   ELF Image Totals (compressed)
     22784       1544        604         92          0          0   ROM Totals

==============================================================================

    Total RO  Size (Code + RO Data)                23388 (  22.84kB)
    Total RW  Size (RW Data + ZI Data)             20184 (  19.71kB)
    Total ROM Size (Code + RO Data + RW Data)      23480 (  22.93kB)

==============================================================================

